Archive member included because of file (symbol)

libsys_pic.a(pci_slot_name.pico)
                              (--whole-archive)
libsys_pic.a(pci_set_acl.pico)
                              (--whole-archive)
libsys_pic.a(pci_reserve.pico)
                              (--whole-archive)
libsys_pic.a(pci_rescan_bus.pico)
                              (--whole-archive)
libsys_pic.a(pci_next_dev.pico)
                              (--whole-archive)
libsys_pic.a(pci_ids.pico)    (--whole-archive)
libsys_pic.a(pci_get_bar.pico)
                              (--whole-archive)
libsys_pic.a(pci_first_dev.pico)
                              (--whole-archive)
libsys_pic.a(pci_find_dev.pico)
                              (--whole-archive)
libsys_pic.a(pci_dev_name.pico)
                              (--whole-archive)
libsys_pic.a(pci_del_acl.pico)
                              (--whole-archive)
libsys_pic.a(pci_attr_w8.pico)
                              (--whole-archive)
libsys_pic.a(pci_attr_w32.pico)
                              (--whole-archive)
libsys_pic.a(pci_attr_w16.pico)
                              (--whole-archive)
libsys_pic.a(pci_attr_r8.pico)
                              (--whole-archive)
libsys_pic.a(pci_attr_r32.pico)
                              (--whole-archive)
libsys_pic.a(pci_attr_r16.pico)
                              (--whole-archive)
libsys_pic.a(vm_set_priv.pico)
                              (--whole-archive)
libsys_pic.a(vm_procctl.pico)
                              (--whole-archive)
libsys_pic.a(vm_prepare.pico)
                              (--whole-archive)
libsys_pic.a(vm_map_phys.pico)
                              (--whole-archive)
libsys_pic.a(vm_getrusage.pico)
                              (--whole-archive)
libsys_pic.a(vm_fork.pico)    (--whole-archive)
libsys_pic.a(vm_exit.pico)    (--whole-archive)
libsys_pic.a(vm_cache.pico)   (--whole-archive)
libsys_pic.a(timers.pico)     (--whole-archive)
libsys_pic.a(sys_vumap.pico)  (--whole-archive)
libsys_pic.a(sys_vtimer.pico)
                              (--whole-archive)
libsys_pic.a(sys_vmctl.pico)  (--whole-archive)
libsys_pic.a(sys_vircopy.pico)
                              (--whole-archive)
libsys_pic.a(sys_update.pico)
                              (--whole-archive)
libsys_pic.a(sys_trace.pico)  (--whole-archive)
libsys_pic.a(sys_times.pico)  (--whole-archive)
libsys_pic.a(sys_stime.pico)  (--whole-archive)
libsys_pic.a(sys_sprof.pico)  (--whole-archive)
libsys_pic.a(sys_sigsend.pico)
                              (--whole-archive)
libsys_pic.a(sys_sigreturn.pico)
                              (--whole-archive)
libsys_pic.a(sys_settime.pico)
                              (--whole-archive)
libsys_pic.a(sys_schedule.pico)
                              (--whole-archive)
libsys_pic.a(sys_safememset.pico)
                              (--whole-archive)
libsys_pic.a(sys_runctl.pico)
                              (--whole-archive)
libsys_pic.a(sys_privctl.pico)
                              (--whole-archive)
libsys_pic.a(sys_physcopy.pico)
                              (--whole-archive)
libsys_pic.a(sys_padconf.pico)
                              (--whole-archive)
libsys_pic.a(sys_memset.pico)
                              (--whole-archive)
libsys_pic.a(sys_mcontext.pico)
                              (--whole-archive)
libsys_pic.a(sys_kill.pico)   (--whole-archive)
libsys_pic.a(sys_irqctl.pico)
                              (--whole-archive)
libsys_pic.a(sys_fork.pico)   (--whole-archive)
libsys_pic.a(sys_exec.pico)   (--whole-archive)
libsys_pic.a(sys_clear.pico)  (--whole-archive)
libsys_pic.a(sys_abort.pico)  (--whole-archive)
libsys_pic.a(srv_kill.pico)   (--whole-archive)
libsys_pic.a(srv_fork.pico)   (--whole-archive)
libsys_pic.a(sqrt_approx.pico)
                              (--whole-archive)
libsys_pic.a(sched_stop.pico)
                              (--whole-archive)
libsys_pic.a(sched_start.pico)
                              (--whole-archive)
libsys_pic.a(rmib.pico)       (--whole-archive)
libsys_pic.a(proceventmask.pico)
                              (--whole-archive)
libsys_pic.a(optset.pico)     (--whole-archive)
libsys_pic.a(mapdriver.pico)  (--whole-archive)
libsys_pic.a(kputs.pico)      (--whole-archive)
libsys_pic.a(kputc.pico)      (--whole-archive)
libsys_pic.a(getuptime.pico)  (--whole-archive)
libsys_pic.a(getsysinfo.pico)
                              (--whole-archive)
libsys_pic.a(getprocnr.pico)  (--whole-archive)
libsys_pic.a(getepinfo.pico)  (--whole-archive)
libsys_pic.a(fkey_ctl.pico)   (--whole-archive)
libsys_pic.a(env_prefix.pico)
                              (--whole-archive)
libsys_pic.a(env_parse.pico)  (--whole-archive)
libsys_pic.a(env_panic.pico)  (--whole-archive)
libsys_pic.a(env_get_prm.pico)
                              (--whole-archive)
libsys_pic.a(cpuavg.pico)     (--whole-archive)
libsys_pic.a(copyfd.pico)     (--whole-archive)
libsys_pic.a(clock_time.pico)
[...]
Memory Configuration

Name             Origin             Length             Attributes
*default*        0x00000000         0xffffffff

Linker script and memory map

LOAD /usr/lib/crti.o
LOAD /usr/lib/crtbeginS.o
LOAD libsys_pic.a
LOAD /usr/lib/crtendS.o
LOAD /usr/lib/crtn.o
                0x000000f4                . = (0x0 + SIZEOF_HEADERS)

.note.gnu.build-id
 *(.note.gnu.build-id)

.hash           0x000000f4      0x9e8
 *(.hash)
 .hash          0x000000f4      0x9e8 /usr/lib/crti.o

.gnu.hash
 *(.gnu.hash)

.dynsym         0x00000adc     0x1710
 *(.dynsym)
 .dynsym        0x00000adc     0x1710 /usr/lib/crti.o

.dynstr         0x000021ec     0x1617
 *(.dynstr)
 .dynstr        0x000021ec     0x1617 /usr/lib/crti.o

.gnu.version    0x00003804        0x0
 *(.gnu.version)
 .gnu.version   0x00000000        0x0 /usr/lib/crti.o

.gnu.version_d  0x00003804        0x0
 *(.gnu.version_d)
 .gnu.version_d
                0x00000000        0x0 /usr/lib/crti.o

.gnu.version_r  0x00003804        0x0
 *(.gnu.version_r)
 .gnu.version_r
                0x00000000        0x0 /usr/lib/crti.o

.rel.dyn        0x00003804      0x1f8
 *(.rel.init)
 *(.rel.text .rel.text.* .rel.gnu.linkonce.t.*)
 *(.rel.fini)
 *(.rel.rodata .rel.rodata.* .rel.gnu.linkonce.r.*)
 *(.rel.data.rel.ro .rel.data.rel.ro.* .rel.gnu.linkonce.d.rel.ro.*)
 *(.rel.data .rel.data.* .rel.gnu.linkonce.d.*)
 .rel.data.rel  0x00003804       0x70 /usr/lib/crti.o
 *(.rel.tdata .rel.tdata.* .rel.gnu.linkonce.td.*)
 *(.rel.tbss .rel.tbss.* .rel.gnu.linkonce.tb.*)
 *(.rel.ctors)
 *(.rel.dtors)
 *(.rel.got)
 .rel.got       0x00003874      0x188 /usr/lib/crti.o
 *(.rel.bss .rel.bss.* .rel.gnu.linkonce.b.*)
 *(.rel.ifunc)
 .rel.ifunc     0x00000000        0x0 /usr/lib/crti.o

.rel.plt        0x000039fc      0x370
 *(.rel.plt)
 .rel.plt       0x000039fc      0x370 /usr/lib/crti.o
 *(.rel.iplt)

.init           0x00003d70        0xa
 *(SORT(.init))
 .init          0x00003d70        0x3 /usr/lib/crti.o
                0x00003d70                _init
 .init          0x00003d73        0x5 /usr/lib/crtbeginS.o
 .init          0x00003d78        0x2 /usr/lib/crtn.o

.plt            0x00003d80      0x6f0
 *(.plt)
 .plt           0x00003d80      0x6f0 /usr/lib/crti.o
 *(.iplt)

.text           0x00004470     0xad2c
                0x00004470                PROVIDE (__eprol, .)
 *(.text)
 .text          0x00004470        0x0 /usr/lib/crti.o
 .text          0x00004470       0xef /usr/lib/crtbeginS.o
 *fill*         0x0000455f        0x1 
 .text          0x00004560       0xe8 libsys_pic.a(pci_slot_name.pico)
                0x00004560                pci_slot_name
 *fill*         0x00004648        0x8 
 .text          0x00004650       0xf1 libsys_pic.a(pci_set_acl.pico)
                0x00004650                pci_set_acl
 *fill*         0x00004741        0xf 
 .text          0x00004750       0xc3 libsys_pic.a(pci_reserve.pico)
                0x00004750                pci_reserve
                0x000047d0                pci_reserve_ok
 *fill*         0x00004813        0xd 
 .text          0x00004820       0x78 libsys_pic.a(pci_rescan_bus.pico)
                0x00004820                pci_rescan_bus
 *fill*         0x00004898        0x8 
 .text          0x000048a0       0xa3 libsys_pic.a(pci_next_dev.pico)
                0x000048a0                pci_next_dev
 *fill*         0x00004943        0xd 
 .text          0x00004950       0xa8 libsys_pic.a(pci_ids.pico)
                0x00004950                pci_ids
 *fill*         0x000049f8        0x8 
 .text          0x00004a00       0x8b libsys_pic.a(pci_get_bar.pico)
                0x00004a00                pci_get_bar
 *fill*         0x00004a8b        0x5 
 .text          0x00004a90       0x9d libsys_pic.a(pci_first_dev.pico)
                0x00004a90                pci_first_dev
 *fill*         0x00004b2d        0x3 
 .text          0x00004b30       0xd7 libsys_pic.a(pci_find_dev.pico)
                0x00004b30                pci_find_dev
 *fill*         0x00004c07        0x9 
 .text          0x00004c10       0xfe libsys_pic.a(pci_dev_name.pico)
                0x00004c10                pci_dev_name
 *fill*         0x00004d0e        0x2 
 .text          0x00004d10       0x9c libsys_pic.a(pci_del_acl.pico)
                0x00004d10                pci_del_acl
 *fill*         0x00004dac        0x4 
 .text          0x00004db0       0x86 libsys_pic.a(pci_attr_w8.pico)
                0x00004db0                pci_attr_w8
 *fill*         0x00004e36        0xa 
 .text          0x00004e40       0x85 libsys_pic.a(pci_attr_w32.pico)
                0x00004e40                pci_attr_w32
 *fill*         0x00004ec5        0xb 
 .text          0x00004ed0       0x86 libsys_pic.a(pci_attr_w16.pico)
                0x00004ed0                pci_attr_w16
 *fill*         0x00004f56        0xa 
 .text          0x00004f60       0x83 libsys_pic.a(pci_attr_r8.pico)
                0x00004f60                pci_attr_r8
 *fill*         0x00004fe3        0xd 
 .text          0x00004ff0       0x82 libsys_pic.a(pci_attr_r32.pico)
                0x00004ff0                pci_attr_r32
 *fill*         0x00005072        0xe 
 .text          0x00005080       0x83 libsys_pic.a(pci_attr_r16.pico)
                0x00005080                pci_attr_r16
 *fill*         0x00005103        0xd 
 .text          0x00005110       0x69 libsys_pic.a(vm_set_priv.pico)
                0x00005110                vm_set_priv
 *fill*         0x00005179        0x7 
 .text          0x00005180       0xf8 libsys_pic.a(vm_procctl.pico)
                0x00005180                vm_procctl_clear
                0x00005200                vm_procctl_handlemem
 *fill*         0x00005278        0x8 
 .text          0x00005280       0x69 libsys_pic.a(vm_prepare.pico)
                0x00005280                vm_prepare
 *fill*         0x000052e9        0x7 
 .text          0x000052f0      0x13d libsys_pic.a(vm_map_phys.pico)
                0x000052f0                vm_map_phys
                0x000053a0                vm_unmap_phys
 *fill*         0x0000542d        0x3 
 .text          0x00005430       0x69 libsys_pic.a(vm_getrusage.pico)
                0x00005430                vm_getrusage
 *fill*         0x00005499        0x7 
 .text          0x000054a0       0x6b libsys_pic.a(vm_fork.pico)
                0x000054a0                vm_fork
 *fill*         0x0000550b        0x5 
 .text          0x00005510       0xbb libsys_pic.a(vm_exit.pico)
                0x00005510                vm_exit
                0x00005570                vm_willexit
 *fill*         0x000055cb        0x5 
 .text          0x000055d0      0x3a3 libsys_pic.a(vm_cache.pico)
                0x000055d0                vm_map_cacheblock
                0x000057c0                vm_set_cacheblock
                0x00005850                vm_forget_cacheblock
                0x000058e0                vm_clear_cache
 *fill*         0x00005973        0xd 
 .text          0x00005980      0x210 libsys_pic.a(timers.pico)
                0x00005980                init_timer
                0x000059a0                set_timer
                0x00005a60                cancel_timer
                0x00005b10                expire_timers
 .text          0x00005b90       0x71 libsys_pic.a(sys_vumap.pico)
                0x00005b90                sys_vumap
 *fill*         0x00005c01        0xf 
 .text          0x00005c10       0x6c libsys_pic.a(sys_vtimer.pico)
                0x00005c10                sys_vtimer
 *fill*         0x00005c7c        0x4 
 .text          0x00005c80      0x23e libsys_pic.a(sys_vmctl.pico)
                0x00005c80                sys_vmctl
                0x00005cd0                sys_vmctl_get_pdbr
                0x00005d20                sys_vmctl_set_addrspace
                0x00005d70                sys_vmctl_get_memreq
                0x00005e00                sys_vmctl_get_mapping
                0x00005e70                sys_vmctl_reply_mapping
 *fill*         0x00005ebe        0x2 
 .text          0x00005ec0       0x7c libsys_pic.a(sys_vircopy.pico)
                0x00005ec0                sys_vircopy
 *fill*         0x00005f3c        0x4 
 .text          0x00005f40       0x45 libsys_pic.a(sys_update.pico)
                0x00005f40                sys_update
 *fill*         0x00005f85        0xb 
 .text          0x00005f90       0x70 libsys_pic.a(sys_trace.pico)
                0x00005f90                sys_trace
 .text          0x00006000       0x76 libsys_pic.a(sys_times.pico)
                0x00006000                sys_times
 *fill*         0x00006076        0xa 
 .text          0x00006080       0x3e libsys_pic.a(sys_stime.pico)
                0x00006080                sys_stime
 *fill*         0x000060be        0x2 
 .text          0x000060c0        0x0 libsys_pic.a(sys_sprof.pico)
 .text          0x000060c0       0x3e libsys_pic.a(sys_sigsend.pico)
                0x000060c0                sys_sigsend
 *fill*         0x000060fe        0x2 
 .text          0x00006100       0x3e libsys_pic.a(sys_sigreturn.pico)
                0x00006100                sys_sigreturn
 *fill*         0x0000613e        0x2 
 .text          0x00006140       0x57 libsys_pic.a(sys_settime.pico)
                0x00006140                sys_settime
 *fill*         0x00006197        0x9 
 .text          0x000061a0       0x57 libsys_pic.a(sys_schedule.pico)
                0x000061a0                sys_schedule
 *fill*         0x000061f7        0x9 
 .text          0x00006200       0x57 libsys_pic.a(sys_safememset.pico)
                0x00006200                sys_safememset
 *fill*         0x00006257        0x9 
 .text          0x00006260       0x45 libsys_pic.a(sys_runctl.pico)
                0x00006260                sys_runctl
 *fill*         0x000062a5        0xb 
 .text          0x000062b0       0x9d libsys_pic.a(sys_privctl.pico)
                0x000062b0                sys_privctl
                0x00006300                sys_privquery_mem
 *fill*         0x0000634d        0x3 
 .text          0x00006350       0x64 libsys_pic.a(sys_physcopy.pico)
                0x00006350                sys_physcopy
 *fill*         0x000063b4        0xc 
 .text          0x000063c0       0x45 libsys_pic.a(sys_padconf.pico)
                0x000063c0                sys_padconf
 *fill*         0x00006405        0xb 
 .text          0x00006410       0x54 libsys_pic.a(sys_memset.pico)
                0x00006410                sys_memset
 *fill*         0x00006464        0xc 
 .text          0x00006470       0x7e libsys_pic.a(sys_mcontext.pico)
                0x00006470                sys_getmcontext
                0x000064b0                sys_setmcontext
 *fill*         0x000064ee        0x2 
 .text          0x000064f0       0x3e libsys_pic.a(sys_kill.pico)
                0x000064f0                sys_kill
 *fill*         0x0000652e        0x2 
 .text          0x00006530       0x65 libsys_pic.a(sys_irqctl.pico)
                0x00006530                sys_irqctl
 *fill*         0x00006595        0xb 
 .text          0x000065a0       0x5b libsys_pic.a(sys_fork.pico)
                0x000065a0                sys_fork
 *fill*         0x000065fb        0x5 
 .text          0x00006600       0x57 libsys_pic.a(sys_exec.pico)
                0x00006600                sys_exec
 *fill*         0x00006657        0x9 
 .text          0x00006660       0x37 libsys_pic.a(sys_clear.pico)
                0x00006660                sys_clear
 *fill*         0x00006697        0x9 
 .text          0x000066a0       0x37 libsys_pic.a(sys_abort.pico)
                0x000066a0                sys_abort
 *fill*         0x000066d7        0x9 
 .text          0x000066e0       0x62 libsys_pic.a(srv_kill.pico)
                0x000066e0                srv_kill
 *fill*         0x00006742        0xe 
 .text          0x00006750       0x62 libsys_pic.a(srv_fork.pico)
                0x00006750                srv_fork
 *fill*         0x000067b2        0xe 
 .text          0x000067c0      0x11f libsys_pic.a(sqrt_approx.pico)
                0x000067c0                sqrt_approx
 *fill*         0x000068df        0x1 
 .text          0x000068e0       0xe4 libsys_pic.a(sched_stop.pico)
                0x000068e0                sched_stop
 *fill*         0x000069c4        0xc 
 .text          0x000069d0      0x3c9 libsys_pic.a(sched_start.pico)
                0x000069d0                sched_inherit
                0x00006b80                sched_start
 *fill*         0x00006d99        0x7 
 .text          0x00006da0     0x144e libsys_pic.a(rmib.pico)
                0x00006da0                rmib_inrange
                0x00006dc0                rmib_getoldlen
                0x00006de0                rmib_copyout
                0x00006e70                rmib_vcopyout
                0x00007050                rmib_copyin
                0x000070b0                rmib_readwrite
                0x000073d0                rmib_register
                0x00007570                rmib_deregister
                0x000076d0                rmib_reset
                0x00007710                rmib_process
 *fill*         0x000081ee        0x2 
 .text          0x000081f0       0x5b libsys_pic.a(proceventmask.pico)
                0x000081f0                proceventmask
 *fill*         0x0000824b        0x5 
 .text          0x00008250      0x265 libsys_pic.a(optset.pico)
                0x00008250                optset_parse
 *fill*         0x000084b5        0xb 
 .text          0x000084c0       0x6f libsys_pic.a(mapdriver.pico)
                0x000084c0                mapdriver
 *fill*         0x0000852f        0x1 
 .text          0x00008530       0x53 libsys_pic.a(kputs.pico)
                0x00008530                puts
 *fill*         0x00008583        0xd 
 .text          0x00008590       0x73 libsys_pic.a(kputc.pico)
                0x00008590                kputc
 *fill*         0x00008603        0xd 
 .text          0x00008610       0x50 libsys_pic.a(getuptime.pico)
                0x00008610                getuptime
 .text          0x00008660       0x87 libsys_pic.a(getsysinfo.pico)
                0x00008660                getsysinfo
 *fill*         0x000086e7        0x9 
 .text          0x000086f0       0x68 libsys_pic.a(getprocnr.pico)
                0x000086f0                getprocnr
 *fill*         0x00008758        0x8 
 .text          0x00008760      0x1e5 libsys_pic.a(getepinfo.pico)
                0x00008760                getnpid
                0x000087c0                getnuid
                0x00008830                getngid
                0x000088a0                getnucred
 *fill*         0x00008945        0xb 
 .text          0x00008950       0x94 libsys_pic.a(fkey_ctl.pico)
                0x00008950                fkey_ctl
 *fill*         0x000089e4        0xc 
 .text          0x000089f0       0xc3 libsys_pic.a(env_prefix.pico)
                0x000089f0                env_prefix
 *fill*         0x00008ab3        0xd 
 .text          0x00008ac0      0x24c libsys_pic.a(env_parse.pico)
                0x00008ac0                env_parse
 *fill*         0x00008d0c        0x4 
 .text          0x00008d10       0x62 libsys_pic.a(env_panic.pico)
                0x00008d10                env_panic
 *fill*         0x00008d72        0xe 
 .text          0x00008d80      0x20e libsys_pic.a(env_get_prm.pico)
                0x00008d80                env_setargs
                0x00008db0                env_get_param
 *fill*         0x00008f8e        0x2 
 .text          0x00008f90      0x20a libsys_pic.a(cpuavg.pico)
                0x00008f90                cpuavg_init
                0x00008fc0                cpuavg_increment
                0x00009100                cpuavg_getstats
                0x00009190                cpuavg_getccpu
 *fill*         0x0000919a        0x6 
 .text          0x000091a0       0x69 libsys_pic.a(copyfd.pico)
                0x000091a0                copyfd
 *fill*         0x00009209        0x7 
 .text          0x00009210       0x7f libsys_pic.a(clock_time.pico)
                0x00009210                clock_time
 *fill*         0x0000928f        0x1 
 .text          0x00009290       0xa0 libsys_pic.a(checkperms.pico)
                0x00009290                checkperms
 .text          0x00009330       0xe8 libsys_pic.a(alloc_util.pico)
                0x00009330                alloc_contig
                0x00009400                free_contig
 *fill*         0x00009418        0x8 
 .text          0x00009420      0x5f1 libsys_pic.a(vbox.pico)
                0x00009420                vbox_init
                0x00009470                vbox_open
                0x00009560                vbox_close
                0x000095f0                vbox_call
                0x000097f0                vbox_put
                0x00009840                vbox_set_u32
                0x00009860                vbox_set_u64
                0x00009880                vbox_set_ptr
                0x00009900                vbox_set_grant
                0x00009970                vbox_get_u32
                0x000099c0                vbox_get_u64
 *fill*         0x00009a11        0xf 
 .text          0x00009a20       0x46 libsys_pic.a(sys_voutw.pico)
                0x00009a20                sys_voutw
 *fill*         0x00009a66        0xa 
 .text          0x00009a70       0x46 libsys_pic.a(sys_voutl.pico)
                0x00009a70                sys_voutl
 *fill*         0x00009ab6        0xa 
 .text          0x00009ac0       0x46 libsys_pic.a(sys_voutb.pico)
                0x00009ac0                sys_voutb
 *fill*         0x00009b06        0xa 
 .text          0x00009b10       0x46 libsys_pic.a(sys_vinw.pico)
                0x00009b10                sys_vinw
 *fill*         0x00009b56        0xa 
 .text          0x00009b60       0x46 libsys_pic.a(sys_vinl.pico)
                0x00009b60                sys_vinl
 *fill*         0x00009ba6        0xa 
 .text          0x00009bb0       0x46 libsys_pic.a(sys_vinb.pico)
                0x00009bb0                sys_vinb
 *fill*         0x00009bf6        0xa 
 .text          0x00009c00       0x5e libsys_pic.a(sys_umap_remote.pico)
                0x00009c00                sys_umap_remote
 *fill*         0x00009c5e        0x2 
 .text          0x00009c60       0x5a libsys_pic.a(sys_sdevio.pico)
                0x00009c60                sys_sdevio
 *fill*         0x00009cba        0x6 
 .text          0x00009cc0       0x45 libsys_pic.a(sys_readbios.pico)
                0x00009cc0                sys_readbios
 *fill*         0x00009d05        0xb 
 .text          0x00009d10       0x37 libsys_pic.a(sys_eniop.pico)
                0x00009d10                sys_enable_iop
 *fill*         0x00009d47        0x9 
 .text          0x00009d50      0x110 libsys_pic.a(spin.pico)
                0x00009d50                spin_init
                0x00009d70                spin_check
 .text          0x00009e60       0x72 libsys_pic.a(ser_putc.pico)
                0x00009e60                ser_putc
 *fill*         0x00009ed2        0xe 
 .text          0x00009ee0      0x1ba libsys_pic.a(getidle.pico)
                0x00009ee0                getidle
 *fill*         0x0000a09a        0x6 
 .text          0x0000a0a0       0x95 libsys_pic.a(get_randomness.pico)
                0x0000a0a0                get_randomness
 *fill*         0x0000a135        0xb 
 .text          0x0000a140       0x9a libsys_pic.a(pci_init.pico)
                0x0000a140                pci_init
 *fill*         0x0000a1da        0x6 
 .text          0x0000a1e0       0x3e libsys_pic.a(sys_vsafecopy.pico)
                0x0000a1e0                sys_vsafecopy
 *fill*         0x0000a21e        0x2 
 .text          0x0000a220       0x59 libsys_pic.a(sys_umap.pico)
                0x0000a220                sys_umap
 *fill*         0x0000a279        0x7 
 .text          0x0000a280       0x57 libsys_pic.a(sys_schedctl.pico)
                0x0000a280                sys_schedctl
 *fill*         0x0000a2d7        0x9 
 .text          0x0000a2e0       0x6f libsys_pic.a(sys_diagctl.pico)
                0x0000a2e0                sys_diagctl
 *fill*         0x0000a34f        0x1 
 .text          0x0000a350      0xc08 libsys_pic.a(ds.pico)
                0x0000a350                ds_publish_label
                0x0000a410                ds_publish_u32
                0x0000a4d0                ds_publish_str
                0x0000a5e0                ds_publish_mem
                0x0000a6e0                ds_retrieve_label_name
                0x0000a790                ds_retrieve_label_endpt
                0x0000a850                ds_retrieve_u32
                0x0000a910                ds_retrieve_str
                0x0000aa20                ds_retrieve_mem
                0x0000ab30                ds_delete_u32
                0x0000abe0                ds_delete_str
                0x0000ac90                ds_delete_mem
                0x0000ad40                ds_delete_label
                0x0000adf0                ds_subscribe
                0x0000aea0                ds_check
 *fill*         0x0000af58        0x8 
 .text          0x0000af60      0x3a1 libsys_pic.a(tsc_util.pico)
                0x0000af60                tsc_calibrate
                0x0000afe0                micro_delay
                0x0000b130                tsc_64_to_micros
                0x0000b210                tsc_to_micros
                0x0000b240                tsc_get_khz
                0x0000b2f0                delta_frclock_64
 *fill*         0x0000b301        0xf 
 .text          0x0000b310       0x48 libsys_pic.a(sys_out.pico)
                0x0000b310                sys_out
 *fill*         0x0000b358        0x8 
 .text          0x0000b360       0x4c libsys_pic.a(sys_in.pico)
                0x0000b360                sys_in
 *fill*         0x0000b3ac        0x4 
 .text          0x0000b3b0      0x141 libsys_pic.a(sys_hz.pico)
                0x0000b3b0                sys_hz
                0x0000b440                micros_to_ticks
 *fill*         0x0000b4f1        0xf 
 .text          0x0000b500       0xea libsys_pic.a(tickdelay.pico)
                0x0000b500                tickdelay
 *fill*         0x0000b5ea        0x6 
 .text          0x0000b5f0       0x5e libsys_pic.a(sys_setalarm.pico)
                0x0000b5f0                sys_setalarm2
 *fill*         0x0000b64e        0x2 
 .text          0x0000b650      0x418 libsys_pic.a(sef_st.pico)
                0x0000b650                do_sef_st_before_receive
                0x0000b660                sef_copy_state_region_ctl
                0x0000b6b0                sef_copy_state_region
                0x0000b8c0                sef_old_state_table_lookup
                0x0000b970                sef_old_state_table_lookup_opaque
                0x0000b9d0                sef_copy_state_region_opaque
                0x0000ba50                sef_st_state_transfer
 *fill*         0x0000ba68        0x8 
 .text          0x0000ba70      0x168 libsys_pic.a(vm_info.pico)
                0x0000ba70                vm_info_stats
                0x0000bae0                vm_info_usage
                0x0000bb50                vm_info_region
 *fill*         0x0000bbd8        0x8 
 .text          0x0000bbe0      0x2dd libsys_pic.a(sef_signal.pico)
                0x0000bbe0                do_sef_signal_request
                0x0000bd90                sef_setcb_signal_handler
                0x0000bde0                sef_setcb_signal_manager
                0x0000be30                sef_cb_signal_handler_null
                0x0000be40                sef_cb_signal_manager_null
                0x0000be50                sef_cb_signal_handler_term
                0x0000be80                sef_cb_signal_handler_posix_default
 *fill*         0x0000bebd        0x3 
 .text          0x0000bec0       0x5b libsys_pic.a(sys_getsig.pico)
                0x0000bec0                sys_getksig
 *fill*         0x0000bf1b        0x5 
 .text          0x0000bf20       0x37 libsys_pic.a(sys_endsig.pico)
                0x0000bf20                sys_endksig
 *fill*         0x0000bf57        0x9 
 .text          0x0000bf60      0x4d5 libsys_pic.a(sef_llvm.pico)
                0x0000bf60                sef_llvm_magic_enabled
                0x0000bf90                sef_llvm_real_brk
                0x0000bfc0                sef_llvm_state_cleanup
                0x0000bfd0                sef_llvm_dump_eval
                0x0000c000                sef_llvm_eval_bool
                0x0000c030                sef_llvm_state_table_addr
                0x0000c060                sef_llvm_state_table_size
                0x0000c090                sef_llvm_stack_refs_save
                0x0000c0f0                sef_llvm_stack_refs_restore
                0x0000c150                sef_llvm_state_transfer
                0x0000c180                sef_llvm_add_special_mem_region
                0x0000c1b0                sef_llvm_del_special_mem_region_by_addr
                0x0000c1e0                sef_llvm_ds_st_init
                0x0000c210                sef_llvm_ac_mmap
                0x0000c2c0                sef_llvm_ac_munmap
                0x0000c340                sef_llvm_ltckpt_enabled
                0x0000c380                sef_llvm_get_ltckpt_offset
                0x0000c3b0                sef_llvm_ltckpt_restart
 *fill*         0x0000c435        0xb 
 .text          0x0000c440      0xb28 libsys_pic.a(sef_liveupdate.pico)
                0x0000c440                do_sef_lu_before_receive
                0x0000c5d0                sef_cb_lu_prepare_never_ready
                0x0000c5e0                sef_cb_lu_prepare_crash
                0x0000c600                sef_cb_lu_prepare_eval
                0x0000c660                do_sef_lu_request
                0x0000c9a0                sef_cb_lu_state_isvalid_generic
                0x0000c9c0                sef_lu_handle_state_data
                0x0000cc20                sef_setcb_lu_prepare
                0x0000cc70                sef_setcb_lu_state_isvalid
                0x0000ccc0                sef_setcb_lu_state_changed
                0x0000cd10                sef_setcb_lu_state_dump
                0x0000cd60                sef_setcb_lu_state_save
                0x0000cdb0                sef_setcb_lu_response
                0x0000ce00                sef_cb_lu_prepare_null
                0x0000ce10                sef_cb_lu_state_isvalid_null
                0x0000ce20                sef_cb_lu_state_changed_null
                0x0000ce30                sef_cb_lu_state_dump_null
                0x0000ce60                sef_cb_lu_state_save_null
                0x0000ce70                sef_cb_lu_response_null
                0x0000ce80                sef_cb_lu_prepare_always_ready
                0x0000ce90                sef_cb_lu_state_isvalid_standard
                0x0000ceb0                sef_cb_lu_state_isvalid_workfree
                0x0000cec0                sef_cb_lu_state_isvalid_workfree_self
                0x0000cee0                sef_cb_lu_state_dump_eval
                0x0000cf20                sef_cb_lu_response_rs_reply
 *fill*         0x0000cf68        0x8 
 .text          0x0000cf70       0xb7 libsys_pic.a(sys_safecopy.pico)
                0x0000cf70                sys_safecopyfrom
                0x0000cfd0                sys_safecopyto
 *fill*         0x0000d027        0x9 
 .text          0x0000d030      0x980 libsys_pic.a(sef_init.pico)
                0x0000d030                do_sef_rs_init
                0x0000d380                do_sef_init_request
                0x0000d410                sef_setcb_init_fresh
                0x0000d460                sef_setcb_init_lu
                0x0000d4b0                sef_setcb_init_restart
                0x0000d500                sef_setcb_init_response
                0x0000d550                sef_cb_init_null
                0x0000d560                sef_cb_init_response_null
                0x0000d570                sef_cb_init_fail
                0x0000d580                sef_cb_init_reset
                0x0000d590                sef_cb_init_crash
                0x0000d5b0                sef_cb_init_timeout
                0x0000d600                sef_cb_init_restart_generic
                0x0000d670                sef_cb_init_identity_state_transfer
                0x0000d810                sef_cb_init_lu_identity_as_restart
                0x0000d8a0                sef_cb_init_lu_generic
                0x0000d940                sef_cb_init_response_rs_reply
                0x0000d970                sef_cb_init_response_rs_asyn_once
 .text          0x0000d9b0       0xa1 libsys_pic.a(vm_memctl.pico)
                0x0000d9b0                vm_memctl
 *fill*         0x0000da51        0xf 
 .text          0x0000da60       0x45 libsys_pic.a(sys_statectl.pico)
                0x0000da60                sys_statectl
 *fill*         0x0000daa5        0xb 
 .text          0x0000dab0      0x4f2 libsys_pic.a(sef.pico)
                0x0000dab0                sef_startup
                0x0000dcb0                sef_receive_status
                0x0000de60                sef_self
                0x0000dea0                sef_cancel
                0x0000dec0                sef_getrndseed
                0x0000dee0                __exit
                0x0000dee0                sef_exit
                0x0000dee0                _exit
                0x0000df30                sef_munmap
 *fill*         0x0000dfa2        0xe 
 .text          0x0000dfb0      0x765 libsys_pic.a(safecopies.pico)
                0x0000dfb0                cpf_grant_direct
                0x0000e290                cpf_grant_indirect
                0x0000e300                cpf_grant_magic
                0x0000e390                cpf_revoke
                0x0000e470                cpf_getgrants
                0x0000e4d0                cpf_setgrant_direct
                0x0000e560                cpf_setgrant_indirect
                0x0000e5e0                cpf_setgrant_magic
                0x0000e670                cpf_setgrant_disable
                0x0000e6e0                cpf_reload
 *fill*         0x0000e715        0xb 
 .text          0x0000e720       0x1e libsys_pic.a(getticks.pico)
                0x0000e720                getticks
 *fill*         0x0000e73e        0x2 
 .text          0x0000e740      0x48c libsys_pic.a(asynsend.pico)
                0x0000e740                asynsend3
                0x0000ea50                senda_reload
                0x0000eb20                asyn_geterror
 *fill*         0x0000ebcc        0x4 
 .text          0x0000ebd0       0x69 libsys_pic.a(vm_update.pico)
                0x0000ebd0                vm_update
 *fill*         0x0000ec39        0x7 
 .text          0x0000ec40       0x3e libsys_pic.a(taskcall.pico)
                0x0000ec40                _taskcall
 *fill*         0x0000ec7e        0x2 
 .text          0x0000ec80       0x3e libsys_pic.a(sys_setgrant.pico)
                0x0000ec80                sys_setgrant
 *fill*         0x0000ecbe        0x2 
 .text          0x0000ecc0       0x30 libsys_pic.a(sys_exit.pico)
                0x0000ecc0                sys_exit
 .text          0x0000ecf0       0xab libsys_pic.a(sef_ping.pico)
                0x0000ecf0                do_sef_ping_request
                0x0000ed20                sef_setcb_ping_reply
                0x0000ed70                sef_cb_ping_reply_null
                0x0000ed80                sef_cb_ping_reply_pong
 *fill*         0x0000ed9b        0x5 
 .text          0x0000eda0       0x58 libsys_pic.a(sef_fi.pico)
                0x0000eda0                do_sef_fi_request
 *fill*         0x0000edf8        0x8 
 .text          0x0000ee00       0xa4 libsys_pic.a(assert.pico)
                0x0000ee00                __assert13
                0x0000ee70                __assert
 *fill*         0x0000eea4        0xc 
 .text          0x0000eeb0       0xdb libsys_pic.a(panic.pico)
                0x0000eeb0                panic_hook
                0x0000eeb0                __panic_hook
                0x0000eec0                panic
 *fill*         0x0000ef8b        0x5 
 .text          0x0000ef90       0xf2 libsys_pic.a(sys_getinfo.pico)
                0x0000ef90                sys_getinfo
                0x0000eff0                sys_whoami
 *fill*         0x0000f082        0xe 
 .text          0x0000f090       0x70 libsys_pic.a(stacktrace.pico)
                0x0000f090                util_stacktrace
 .text          0x0000f100       0x2e libsys_pic.a(kprintf.pico)
                0x0000f100                printf
 *fill*         0x0000f12e        0x2 
 .text          0x0000f130       0x6a libsys_pic.a(kernel_call.pico)
                0x0000f130                _kernel_call
 *fill*         0x0000f19a        0x2 
 .text          0x0000f19c        0x0 /usr/lib/crtendS.o
 .text          0x0000f19c        0x0 /usr/lib/crtn.o
 *(.text.unlikely .text.*_unlikely)
 *(.text.exit .text.exit.*)
 *(.text.startup .text.startup.*)
 *(.text.hot .text.hot.*)
 *(.stub .text.* .gnu.linkonce.t.*)
 *(.gnu.warning)

.fini           0x0000f1a0        0xa
 *(SORT(.fini))
 .fini          0x0000f1a0        0x3 /usr/lib/crti.o
                0x0000f1a0                _fini
 .fini          0x0000f1a3        0x5 /usr/lib/crtbeginS.o
 .fini          0x0000f1a8        0x2 /usr/lib/crtn.o
                0x0000f1aa                PROVIDE (__etext, .)
                0x0000f1aa                PROVIDE (_etext, .)
                0x0000f1aa                PROVIDE (etext, .)

.rodata         0x0000f1b0     0x16a1
 *(.rodata .rodata.* .gnu.linkonce.r.*)
 .rodata.str1.1
                0x0000f1b0       0x7a libsys_pic.a(pci_slot_name.pico)
 .rodata.str1.1
                0x0000f22a       0x8b libsys_pic.a(pci_set_acl.pico)
 .rodata.str1.1
                0x0000f2b5       0x4b libsys_pic.a(pci_reserve.pico)
 .rodata.str1.1
                0x0000f300       0x51 libsys_pic.a(pci_rescan_bus.pico)
 .rodata.str1.1
                0x0000f351       0x4d libsys_pic.a(pci_next_dev.pico)
 .rodata.str1.1
                0x0000f39e       0x57 libsys_pic.a(pci_ids.pico)
 .rodata.str1.1
                0x0000f3f5       0x23 libsys_pic.a(pci_get_bar.pico)
 .rodata.str1.1
                0x0000f418       0x4f libsys_pic.a(pci_first_dev.pico)
 .rodata.str1.1
                0x0000f467       0x92 libsys_pic.a(pci_find_dev.pico)
 .rodata.str1.1
                0x0000f4f9       0x4d libsys_pic.a(pci_dev_name.pico)
                                 0x78 (size before relaxing)
 .rodata.str1.1
                0x0000f546       0x5d libsys_pic.a(pci_del_acl.pico)
                                 0x61 (size before relaxing)
 .rodata.str1.1
                0x0000f5a3       0x4b libsys_pic.a(pci_attr_w8.pico)
 .rodata.str1.1
                0x0000f5ee       0x4d libsys_pic.a(pci_attr_w32.pico)
 .rodata.str1.1
                0x0000f63b       0x4d libsys_pic.a(pci_attr_w16.pico)
 .rodata.str1.1
                0x0000f688       0x4b libsys_pic.a(pci_attr_r8.pico)
 .rodata.str1.1
                0x0000f6d3       0x4d libsys_pic.a(pci_attr_r32.pico)
 .rodata.str1.1
                0x0000f720       0x4d libsys_pic.a(pci_attr_r16.pico)
 .rodata.str1.1
                0x0000f76d       0x60 libsys_pic.a(vm_map_phys.pico)
 .rodata.str1.1
                0x0000f7cd       0xda libsys_pic.a(vm_cache.pico)
 .rodata.str1.1
                0x0000f8a7       0x92 libsys_pic.a(timers.pico)
 .rodata.str1.1
                0x0000f939       0x54 libsys_pic.a(sched_stop.pico)
 .rodata.str1.1
                0x0000f98d       0x85 libsys_pic.a(sched_start.pico)
                                 0xc1 (size before relaxing)
 *fill*         0x0000fa12        0x2 
 .rodata        0x0000fa14       0x6c libsys_pic.a(rmib.pico)
 .rodata.str1.1
                0x0000fa80       0xc3 libsys_pic.a(rmib.pico)
                                 0xc4 (size before relaxing)
 *fill*         0x0000fb43        0xd 
 .rodata        0x0000fb50       0x1c libsys_pic.a(getsysinfo.pico)
 .rodata.str1.1
                0x0000fb6c       0x3a libsys_pic.a(env_prefix.pico)
 .rodata.str1.1
                0x0000fba6       0x38 libsys_pic.a(env_parse.pico)
                                 0x40 (size before relaxing)
 .rodata.str1.1
                0x0000fbde       0x58 libsys_pic.a(env_panic.pico)
 .rodata.str1.1
                0x0000fc36       0x1c libsys_pic.a(env_get_prm.pico)
 *fill*         0x0000fc52        0x2 
 .rodata        0x0000fc54       0x68 libsys_pic.a(cpuavg.pico)
 .rodata.str1.1
                0x0000fcbc       0x18 libsys_pic.a(alloc_util.pico)
 .rodata.str1.1
                0x0000fcd4       0xb2 libsys_pic.a(vbox.pico)
 *fill*         0x0000fd86        0x2 
 .rodata        0x0000fd88       0x10 libsys_pic.a(spin.pico)
 .rodata.str1.1
                0x0000fd98       0x1d libsys_pic.a(spin.pico)
 *fill*         0x0000fdb5        0x3 
 .rodata.cst4   0x0000fdb8        0x8 libsys_pic.a(getidle.pico)
 .rodata.str1.1
                0x0000fdc0       0x74 libsys_pic.a(pci_init.pico)
                                 0x78 (size before relaxing)
 .rodata.str1.1
                0x0000fe34       0x20 libsys_pic.a(sys_diagctl.pico)
 .rodata.str1.1
                0x0000fe54       0x5d libsys_pic.a(tsc_util.pico)
 .rodata.str1.1
                0x0000feb1       0x39 libsys_pic.a(sys_hz.pico)
 .rodata.str1.1
                0x0000feea       0xee libsys_pic.a(sef_st.pico)
 .rodata.str1.1
                0x0000ffd8       0x82 libsys_pic.a(sef_signal.pico)
 .rodata.str1.1
                0x0001005a       0x83 libsys_pic.a(sef_llvm.pico)
                                 0x92 (size before relaxing)
 *fill*         0x000100dd        0x3 
 .rodata        0x000100e0       0x1c libsys_pic.a(sef_liveupdate.pico)
 .rodata.str1.1
                0x000100fc      0x150 libsys_pic.a(sef_liveupdate.pico)
                                0x15b (size before relaxing)
 .rodata.str1.1
                0x0001024c      0x347 libsys_pic.a(sef_init.pico)
                                0x352 (size before relaxing)
 .rodata.str1.1
                0x00010593      0x107 libsys_pic.a(sef.pico)
 .rodata.str1.1
                0x0001069a       0x6f libsys_pic.a(safecopies.pico)
 .rodata.str1.1
                0x00010709       0x8c libsys_pic.a(asynsend.pico)
 .rodata.str1.1
                0x00010795       0x20 libsys_pic.a(sef_ping.pico)
                                 0x2b (size before relaxing)
 .rodata.str1.1
                0x000107b5        0x7 libsys_pic.a(sef_fi.pico)
 .rodata.str1.1
                0x000107bc       0x38 libsys_pic.a(assert.pico)
                                 0x3a (size before relaxing)
 .rodata.str1.1
                0x000107f4       0x56 libsys_pic.a(panic.pico)
                                 0x58 (size before relaxing)
 .rodata.str1.1
                0x0001084a        0x7 libsys_pic.a(stacktrace.pico)
                                  0x9 (size before relaxing)

.rodata1
 *(.rodata1)

.eh_frame_hdr   0x00010854      0x964
 *(.eh_frame_hdr)
 .eh_frame_hdr  0x00010854      0x964 libsys_pic.a(pci_slot_name.pico)

.eh_frame       0x000111b8     0x2350
 *(.eh_frame)
 .eh_frame      0x000111b8       0x3c /usr/lib/crti.o
                                 0x40 (size before relaxing)
 .eh_frame      0x000111f4        0x0 /usr/lib/crtbeginS.o
 .eh_frame      0x000111f4       0x38 libsys_pic.a(pci_slot_name.pico)
 .eh_frame      0x0001122c       0x20 libsys_pic.a(pci_set_acl.pico)
                                 0x38 (size before relaxing)
 .eh_frame      0x0001124c       0x38 libsys_pic.a(pci_reserve.pico)
                                 0x50 (size before relaxing)
 .eh_frame      0x00011284       0x1c libsys_pic.a(pci_rescan_bus.pico)
                                 0x34 (size before relaxing)
 .eh_frame      0x000112a0       0x20 libsys_pic.a(pci_next_dev.pico)
                                 0x38 (size before relaxing)
 .eh_frame      0x000112c0       0x1c libsys_pic.a(pci_ids.pico)
                                 0x34 (size before relaxing)
 .eh_frame      0x000112dc       0x20 libsys_pic.a(pci_get_bar.pico)
                                 0x38 (size before relaxing)
 .eh_frame      0x000112fc       0x20 libsys_pic.a(pci_first_dev.pico)
                                 0x38 (size before relaxing)
 .eh_frame      0x0001131c       0x20 libsys_pic.a(pci_find_dev.pico)
                                 0x38 (size before relaxing)
 .eh_frame      0x0001133c       0x20 libsys_pic.a(pci_dev_name.pico)
                                 0x38 (size before relaxing)
 .eh_frame      0x0001135c       0x20 libsys_pic.a(pci_del_acl.pico)
                                 0x38 (size before relaxing)
 .eh_frame      0x0001137c       0x1c libsys_pic.a(pci_attr_w8.pico)
                                 0x34 (size before relaxing)
 .eh_frame      0x00011398       0x1c libsys_pic.a(pci_attr_w32.pico)
                                 0x34 (size before relaxing)
 .eh_frame      0x000113b4       0x1c libsys_pic.a(pci_attr_w16.pico)
                                 0x34 (size before relaxing)
 .eh_frame      0x000113d0       0x1c libsys_pic.a(pci_attr_r8.pico)
                                 0x34 (size before relaxing)
 .eh_frame      0x000113ec       0x1c libsys_pic.a(pci_attr_r32.pico)
                                 0x34 (size before relaxing)
 .eh_frame      0x00011408       0x1c libsys_pic.a(pci_attr_r16.pico)
                                 0x34 (size before relaxing)
 .eh_frame      0x00011424       0x20 libsys_pic.a(vm_set_priv.pico)
                                 0x38 (size before relaxing)
 .eh_frame      0x00011444       0x40 libsys_pic.a(vm_procctl.pico)
                                 0x58 (size before relaxing)
 .eh_frame      0x00011484       0x20 libsys_pic.a(vm_prepare.pico)
                                 0x38 (size before relaxing)
 .eh_frame      0x000114a4       0x40 libsys_pic.a(vm_map_phys.pico)
                                 0x58 (size before relaxing)
 .eh_frame      0x000114e4       0x20 libsys_pic.a(vm_getrusage.pico)
                                 0x38 (size before relaxing)
 .eh_frame      0x00011504       0x20 libsys_pic.a(vm_fork.pico)
                                 0x38 (size before relaxing)
 .eh_frame      0x00011524       0x40 libsys_pic.a(vm_exit.pico)
                                 0x58 (size before relaxing)
 .eh_frame      0x00011564       0xa0 libsys_pic.a(vm_cache.pico)
                                 0xb8 (size before relaxing)
 .eh_frame      0x00011604       0x74 libsys_pic.a(timers.pico)
                                 0x8c (size before relaxing)
 .eh_frame      0x00011678       0x20 libsys_pic.a(sys_vumap.pico)
                                 0x38 (size before relaxing)
 .eh_frame      0x00011698       0x20 libsys_pic.a(sys_vtimer.pico)
                                 0x38 (size before relaxing)
 .eh_frame      0x000116b8       0xac libsys_pic.a(sys_vmctl.pico)
                                 0xc4 (size before relaxing)
 .eh_frame      0x00011764       0x20 libsys_pic.a(sys_vircopy.pico)
                                 0x38 (size before relaxing)
 .eh_frame      0x00011784       0x1c libsys_pic.a(sys_update.pico)
                                 0x34 (size before relaxing)
 .eh_frame      0x000117a0       0x20 libsys_pic.a(sys_trace.pico)
                                 0x38 (size before relaxing)
 .eh_frame      0x000117c0       0x20 libsys_pic.a(sys_times.pico)
                                 0x38 (size before relaxing)
 .eh_frame      0x000117e0       0x1c libsys_pic.a(sys_stime.pico)
                                 0x34 (size before relaxing)
 .eh_frame      0x000117fc       0x1c libsys_pic.a(sys_sigsend.pico)
                                 0x34 (size before relaxing)
 .eh_frame      0x00011818       0x1c libsys_pic.a(sys_sigreturn.pico)
                                 0x34 (size before relaxing)
 .eh_frame      0x00011834       0x20 libsys_pic.a(sys_settime.pico)
                                 0x38 (size before relaxing)
 .eh_frame      0x00011854       0x20 libsys_pic.a(sys_schedule.pico)
                                 0x38 (size before relaxing)
 .eh_frame      0x00011874       0x20 libsys_pic.a(sys_safememset.pico)
                                 0x38 (size before relaxing)
 .eh_frame      0x00011894       0x1c libsys_pic.a(sys_runctl.pico)
                                 0x34 (size before relaxing)
 .eh_frame      0x000118b0       0x38 libsys_pic.a(sys_privctl.pico)
                                 0x50 (size before relaxing)
 .eh_frame      0x000118e8       0x20 libsys_pic.a(sys_physcopy.pico)
                                 0x38 (size before relaxing)
 .eh_frame      0x00011908       0x1c libsys_pic.a(sys_padconf.pico)
                                 0x34 (size before relaxing)
 .eh_frame      0x00011924       0x20 libsys_pic.a(sys_memset.pico)
                                 0x38 (size before relaxing)
 .eh_frame      0x00011944       0x38 libsys_pic.a(sys_mcontext.pico)
                                 0x50 (size before relaxing)
 .eh_frame      0x0001197c       0x1c libsys_pic.a(sys_kill.pico)
                                 0x34 (size before relaxing)
 .eh_frame      0x00011998       0x20 libsys_pic.a(sys_irqctl.pico)
                                 0x38 (size before relaxing)
 .eh_frame      0x000119b8       0x20 libsys_pic.a(sys_fork.pico)
                                 0x38 (size before relaxing)
 .eh_frame      0x000119d8       0x20 libsys_pic.a(sys_exec.pico)
                                 0x38 (size before relaxing)
 .eh_frame      0x000119f8       0x1c libsys_pic.a(sys_clear.pico)
                                 0x34 (size before relaxing)
 .eh_frame      0x00011a14       0x1c libsys_pic.a(sys_abort.pico)
                                 0x34 (size before relaxing)
 .eh_frame      0x00011a30       0x20 libsys_pic.a(srv_kill.pico)
                                 0x38 (size before relaxing)
 .eh_frame      0x00011a50       0x20 libsys_pic.a(srv_fork.pico)
                                 0x38 (size before relaxing)
 .eh_frame      0x00011a70       0x1c libsys_pic.a(sqrt_approx.pico)
                                 0x34 (size before relaxing)
 .eh_frame      0x00011a8c       0x20 libsys_pic.a(sched_stop.pico)
                                 0x38 (size before relaxing)
 .eh_frame      0x00011aac       0x40 libsys_pic.a(sched_start.pico)
                                 0x58 (size before relaxing)
 .eh_frame      0x00011aec      0x170 libsys_pic.a(rmib.pico)
                                0x188 (size before relaxing)
 .eh_frame      0x00011c5c       0x20 libsys_pic.a(proceventmask.pico)
                                 0x38 (size before relaxing)
 .eh_frame      0x00011c7c       0x20 libsys_pic.a(optset.pico)
                                 0x38 (size before relaxing)
 .eh_frame      0x00011c9c       0x20 libsys_pic.a(mapdriver.pico)
                                 0x38 (size before relaxing)
 .eh_frame      0x00011cbc       0x20 libsys_pic.a(kputs.pico)
                                 0x38 (size before relaxing)
 .eh_frame      0x00011cdc       0x20 libsys_pic.a(kputc.pico)
                                 0x38 (size before relaxing)
 .eh_frame      0x00011cfc       0x20 libsys_pic.a(getuptime.pico)
                                 0x38 (size before relaxing)
 .eh_frame      0x00011d1c       0x20 libsys_pic.a(getsysinfo.pico)
                                 0x38 (size before relaxing)
 .eh_frame      0x00011d3c       0x20 libsys_pic.a(getprocnr.pico)
                                 0x38 (size before relaxing)
 .eh_frame      0x00011d5c       0x80 libsys_pic.a(getepinfo.pico)
                                 0x98 (size before relaxing)
 .eh_frame      0x00011ddc       0x20 libsys_pic.a(fkey_ctl.pico)
                                 0x38 (size before relaxing)
 .eh_frame      0x00011dfc       0x20 libsys_pic.a(env_prefix.pico)
                                 0x38 (size before relaxing)
 .eh_frame      0x00011e1c       0x20 libsys_pic.a(env_parse.pico)
                                 0x38 (size before relaxing)
 .eh_frame      0x00011e3c       0x20 libsys_pic.a(env_panic.pico)
                                 0x38 (size before relaxing)
 .eh_frame      0x00011e5c       0x3c libsys_pic.a(env_get_prm.pico)
                                 0x54 (size before relaxing)
 .eh_frame      0x00011e98       0x98 libsys_pic.a(cpuavg.pico)
                                 0xb0 (size before relaxing)
 .eh_frame      0x00011f30       0x20 libsys_pic.a(copyfd.pico)
                                 0x38 (size before relaxing)
 .eh_frame      0x00011f50       0x20 libsys_pic.a(clock_time.pico)
                                 0x38 (size before relaxing)
 .eh_frame      0x00011f70       0x20 libsys_pic.a(checkperms.pico)
                                 0x38 (size before relaxing)
 .eh_frame      0x00011f90       0x3c libsys_pic.a(alloc_util.pico)
                                 0x54 (size before relaxing)
 .eh_frame      0x00011fcc      0x14c libsys_pic.a(vbox.pico)
                                0x164 (size before relaxing)
 .eh_frame      0x00012118       0x1c libsys_pic.a(sys_voutw.pico)
                                 0x34 (size before relaxing)
 .eh_frame      0x00012134       0x1c libsys_pic.a(sys_voutl.pico)
                                 0x34 (size before relaxing)
 .eh_frame      0x00012150       0x1c libsys_pic.a(sys_voutb.pico)
                                 0x34 (size before relaxing)
 .eh_frame      0x0001216c       0x1c libsys_pic.a(sys_vinw.pico)
                                 0x34 (size before relaxing)
 .eh_frame      0x00012188       0x1c libsys_pic.a(sys_vinl.pico)
                                 0x34 (size before relaxing)
 .eh_frame      0x000121a4       0x1c libsys_pic.a(sys_vinb.pico)
                                 0x34 (size before relaxing)
 .eh_frame      0x000121c0       0x20 libsys_pic.a(sys_umap_remote.pico)
                                 0x38 (size before relaxing)
 .eh_frame      0x000121e0       0x1c libsys_pic.a(sys_sdevio.pico)
                                 0x34 (size before relaxing)
 .eh_frame      0x000121fc       0x1c libsys_pic.a(sys_readbios.pico)
                                 0x34 (size before relaxing)
 .eh_frame      0x00012218       0x1c libsys_pic.a(sys_eniop.pico)
                                 0x34 (size before relaxing)
 .eh_frame      0x00012234       0x3c libsys_pic.a(spin.pico)
                                 0x54 (size before relaxing)
 .eh_frame      0x00012270       0x20 libsys_pic.a(ser_putc.pico)
                                 0x38 (size before relaxing)
 .eh_frame      0x00012290       0x20 libsys_pic.a(getidle.pico)
                                 0x38 (size before relaxing)
 .eh_frame      0x000122b0       0x20 libsys_pic.a(get_randomness.pico)
                                 0x38 (size before relaxing)
 .eh_frame      0x000122d0       0x20 libsys_pic.a(pci_init.pico)
                                 0x38 (size before relaxing)
 .eh_frame      0x000122f0       0x1c libsys_pic.a(sys_vsafecopy.pico)
                                 0x34 (size before relaxing)
 .eh_frame      0x0001230c       0x20 libsys_pic.a(sys_umap.pico)
                                 0x38 (size before relaxing)
 .eh_frame      0x0001232c       0x20 libsys_pic.a(sys_schedctl.pico)
                                 0x38 (size before relaxing)
 .eh_frame      0x0001234c       0x1c libsys_pic.a(sys_diagctl.pico)
                                 0x34 (size before relaxing)
 .eh_frame      0x00012368      0x1e0 libsys_pic.a(ds.pico)
                                0x1f8 (size before relaxing)
 .eh_frame      0x00012548       0xac libsys_pic.a(tsc_util.pico)
                                 0xc4 (size before relaxing)
 .eh_frame      0x000125f4       0x1c libsys_pic.a(sys_out.pico)
                                 0x34 (size before relaxing)
 .eh_frame      0x00012610       0x20 libsys_pic.a(sys_in.pico)
                                 0x38 (size before relaxing)
 .eh_frame      0x00012630       0x3c libsys_pic.a(sys_hz.pico)
                                 0x54 (size before relaxing)
 .eh_frame      0x0001266c       0x20 libsys_pic.a(tickdelay.pico)
                                 0x38 (size before relaxing)
 .eh_frame      0x0001268c       0x1c libsys_pic.a(sys_setalarm.pico)
                                 0x34 (size before relaxing)
 .eh_frame      0x000126a8       0xd4 libsys_pic.a(sef_st.pico)
                                 0xec (size before relaxing)
 .eh_frame      0x0001277c       0x60 libsys_pic.a(vm_info.pico)
                                 0x78 (size before relaxing)
 .eh_frame      0x000127dc       0xc8 libsys_pic.a(sef_signal.pico)
                                 0xe0 (size before relaxing)
 .eh_frame      0x000128a4       0x20 libsys_pic.a(sys_getsig.pico)
                                 0x38 (size before relaxing)
 .eh_frame      0x000128c4       0x1c libsys_pic.a(sys_endsig.pico)
                                 0x34 (size before relaxing)
 .eh_frame      0x000128e0      0x200 libsys_pic.a(sef_llvm.pico)
                                0x218 (size before relaxing)
 .eh_frame      0x00012ae0      0x2cc libsys_pic.a(sef_liveupdate.pico)
                                0x2e4 (size before relaxing)
 .eh_frame      0x00012dac       0x40 libsys_pic.a(sys_safecopy.pico)
                                 0x58 (size before relaxing)
 .eh_frame      0x00012dec      0x224 libsys_pic.a(sef_init.pico)
                                0x23c (size before relaxing)
 .eh_frame      0x00013010       0x20 libsys_pic.a(vm_memctl.pico)
                                 0x38 (size before relaxing)
 .eh_frame      0x00013030       0x1c libsys_pic.a(sys_statectl.pico)
                                 0x34 (size before relaxing)
 .eh_frame      0x0001304c       0xcc libsys_pic.a(sef.pico)
                                 0xe4 (size before relaxing)
 .eh_frame      0x00013118      0x15c libsys_pic.a(safecopies.pico)
                                0x174 (size before relaxing)
 .eh_frame      0x00013274       0x1c libsys_pic.a(getticks.pico)
                                 0x34 (size before relaxing)
 .eh_frame      0x00013290       0x5c libsys_pic.a(asynsend.pico)
                                 0x74 (size before relaxing)
 .eh_frame      0x000132ec       0x20 libsys_pic.a(vm_update.pico)
                                 0x38 (size before relaxing)
 .eh_frame      0x0001330c       0x20 libsys_pic.a(taskcall.pico)
                                 0x38 (size before relaxing)
 .eh_frame      0x0001332c       0x1c libsys_pic.a(sys_setgrant.pico)
                                 0x34 (size before relaxing)
 .eh_frame      0x00013348       0x1c libsys_pic.a(sys_exit.pico)
                                 0x34 (size before relaxing)
 .eh_frame      0x00013364       0x70 libsys_pic.a(sef_ping.pico)
                                 0x88 (size before relaxing)
 .eh_frame      0x000133d4       0x1c libsys_pic.a(sef_fi.pico)
                                 0x34 (size before relaxing)
 .eh_frame      0x000133f0       0x3c libsys_pic.a(assert.pico)
                                 0x54 (size before relaxing)
 .eh_frame      0x0001342c       0x3c libsys_pic.a(panic.pico)
                                 0x54 (size before relaxing)
 .eh_frame      0x00013468       0x40 libsys_pic.a(sys_getinfo.pico)
                                 0x58 (size before relaxing)
 .eh_frame      0x000134a8       0x20 libsys_pic.a(stacktrace.pico)
                                 0x38 (size before relaxing)
 .eh_frame      0x000134c8       0x1c libsys_pic.a(kprintf.pico)
                                 0x34 (size before relaxing)
 .eh_frame      0x000134e4       0x20 libsys_pic.a(kernel_call.pico)
                                 0x38 (size before relaxing)
 .eh_frame      0x00013504        0x4 /usr/lib/crtendS.o

.note.netbsd.ident
                0x00013508       0x18
 .note.netbsd.ident
                0x00013508       0x18 /usr/lib/crti.o

.note.netbsd.pax
                0x00013520       0x14
 .note.netbsd.pax
                0x00013520       0x14 /usr/lib/crti.o

.gcc_except_table
 *(.gcc_except_table .gcc_except_table.*)

.exception_ranges
 *(.exception_ranges .exception_ranges*)
                0x00013534                . = (ALIGN (0x1000) - ((0x1000 - .) & 0xfff))
                0x00014534                . = DATA_SEGMENT_ALIGN (0x1000, 0x1000)

.eh_frame
 *(.eh_frame)

.gcc_except_table
 *(.gcc_except_table .gcc_except_table.*)

.exception_ranges
 *(.exception_ranges .exception_ranges*)

.tdata
 *(.tdata .tdata.* .gnu.linkonce.td.*)

.tbss
 *(.tbss .tbss.* .gnu.linkonce.tb.*)
 *(.tcommon)

.preinit_array
 *(.preinit_array)

.init_array
 *(SORT(.init_array.*))
 *(.init_array)

.fini_array
 *(SORT(.fini_array.*))
 *(.fini_array)

.ctors          0x00014534        0x8
 *crtbegin.o(.ctors)
 *crtbegin?.o(.ctors)
 .ctors         0x00014534        0x4 /usr/lib/crtbeginS.o
 *(EXCLUDE_FILE(*crtend?.o *crtend.o) .ctors)
 *(SORT(.ctors.*))
 *(.ctors)
 .ctors         0x00014538        0x4 /usr/lib/crtendS.o
                0x00014538                __CTOR_LIST_END__

.dtors          0x0001453c        0x8
 *crtbegin.o(.dtors)
 *crtbegin?.o(.dtors)
 .dtors         0x0001453c        0x4 /usr/lib/crtbeginS.o
 *(EXCLUDE_FILE(*crtend?.o *crtend.o) .dtors)
 *(SORT(.dtors.*))
 *(.dtors)
 .dtors         0x00014540        0x4 /usr/lib/crtendS.o

.jcr            0x00014544        0x4
 *(.jcr)
 .jcr           0x00014544        0x0 /usr/lib/crtbeginS.o
 .jcr           0x00014544        0x4 /usr/lib/crtendS.o

.data.rel.ro
 *(.data.rel.ro.local* .gnu.linkonce.d.rel.ro.local.*)
 *(.data.rel.ro .data.rel.ro.* .gnu.linkonce.d.rel.ro.*)

.dynamic        0x00014548       0xa8
 *(.dynamic)
 .dynamic       0x00014548       0xa8 /usr/lib/crti.o
                0x00014548                _DYNAMIC

.got            0x000145f0       0xc4
 *(.got)
 .got           0x000145f0       0xc4 /usr/lib/crti.o
 *(.igot)
                0x000146b4                . = DATA_SEGMENT_RELRO_END (., (SIZEOF (.got.plt) >= 0xc)?0xc:0x0)

.got.plt        0x000146b4      0x1c4
 *(.got.plt)
 .got.plt       0x000146b4      0x1c4 /usr/lib/crti.o
                0x000146b4                _GLOBAL_OFFSET_TABLE_
 *(.igot.plt)

.data           0x00014878       0xec
 *(.data .data.* .gnu.linkonce.d.*)
 .data          0x00014878        0x0 /usr/lib/crti.o
 .data          0x00014878        0x0 /usr/lib/crtbeginS.o
 .data.rel      0x00014878       0x26 /usr/lib/crtbeginS.o
                0x00014878                __dso_handle
 *fill*         0x0001489e        0x2 
 .data          0x000148a0        0x0 libsys_pic.a(pci_slot_name.pico)
 .data          0x000148a0        0x0 libsys_pic.a(pci_set_acl.pico)
 .data          0x000148a0        0x0 libsys_pic.a(pci_reserve.pico)
 .data          0x000148a0        0x0 libsys_pic.a(pci_rescan_bus.pico)
 .data          0x000148a0        0x0 libsys_pic.a(pci_next_dev.pico)
 .data          0x000148a0        0x0 libsys_pic.a(pci_ids.pico)
 .data          0x000148a0        0x0 libsys_pic.a(pci_get_bar.pico)
 .data          0x000148a0        0x0 libsys_pic.a(pci_first_dev.pico)
 .data          0x000148a0        0x0 libsys_pic.a(pci_find_dev.pico)
 .data          0x000148a0        0x0 libsys_pic.a(pci_dev_name.pico)
 .data          0x000148a0        0x0 libsys_pic.a(pci_del_acl.pico)
 .data          0x000148a0        0x0 libsys_pic.a(pci_attr_w8.pico)
 .data          0x000148a0        0x0 libsys_pic.a(pci_attr_w32.pico)
 .data          0x000148a0        0x0 libsys_pic.a(pci_attr_w16.pico)
 .data          0x000148a0        0x0 libsys_pic.a(pci_attr_r8.pico)
 .data          0x000148a0        0x0 libsys_pic.a(pci_attr_r32.pico)
 .data          0x000148a0        0x0 libsys_pic.a(pci_attr_r16.pico)
 .data          0x000148a0        0x0 libsys_pic.a(vm_set_priv.pico)
 .data          0x000148a0        0x0 libsys_pic.a(vm_procctl.pico)
 .data          0x000148a0        0x0 libsys_pic.a(vm_prepare.pico)
 .data          0x000148a0        0x0 libsys_pic.a(vm_map_phys.pico)
 .data          0x000148a0        0x0 libsys_pic.a(vm_getrusage.pico)
 .data          0x000148a0        0x0 libsys_pic.a(vm_fork.pico)
 .data          0x000148a0        0x0 libsys_pic.a(vm_exit.pico)
 .data          0x000148a0        0x0 libsys_pic.a(vm_cache.pico)
 .data          0x000148a0        0x0 libsys_pic.a(timers.pico)
 .data          0x000148a0        0x0 libsys_pic.a(sys_vumap.pico)
 .data          0x000148a0        0x0 libsys_pic.a(sys_vtimer.pico)
 .data          0x000148a0        0x0 libsys_pic.a(sys_vmctl.pico)
 .data          0x000148a0        0x0 libsys_pic.a(sys_vircopy.pico)
 .data          0x000148a0        0x0 libsys_pic.a(sys_update.pico)
 .data          0x000148a0        0x0 libsys_pic.a(sys_trace.pico)
 .data          0x000148a0        0x0 libsys_pic.a(sys_times.pico)
 .data          0x000148a0        0x0 libsys_pic.a(sys_stime.pico)
 .data          0x000148a0        0x0 libsys_pic.a(sys_sprof.pico)
 .data          0x000148a0        0x0 libsys_pic.a(sys_sigsend.pico)
 .data          0x000148a0        0x0 libsys_pic.a(sys_sigreturn.pico)
 .data          0x000148a0        0x0 libsys_pic.a(sys_settime.pico)
 .data          0x000148a0        0x0 libsys_pic.a(sys_schedule.pico)
 .data          0x000148a0        0x0 libsys_pic.a(sys_safememset.pico)
 .data          0x000148a0        0x0 libsys_pic.a(sys_runctl.pico)
 .data          0x000148a0        0x0 libsys_pic.a(sys_privctl.pico)
 .data          0x000148a0        0x0 libsys_pic.a(sys_physcopy.pico)
 .data          0x000148a0        0x0 libsys_pic.a(sys_padconf.pico)
 .data          0x000148a0        0x0 libsys_pic.a(sys_memset.pico)
 .data          0x000148a0        0x0 libsys_pic.a(sys_mcontext.pico)
 .data          0x000148a0        0x0 libsys_pic.a(sys_kill.pico)
 .data          0x000148a0        0x0 libsys_pic.a(sys_irqctl.pico)
 .data          0x000148a0        0x0 libsys_pic.a(sys_fork.pico)
 .data          0x000148a0        0x0 libsys_pic.a(sys_exec.pico)
 .data          0x000148a0        0x0 libsys_pic.a(sys_clear.pico)
 .data          0x000148a0        0x0 libsys_pic.a(sys_abort.pico)
 .data          0x000148a0        0x0 libsys_pic.a(srv_kill.pico)
 .data          0x000148a0        0x0 libsys_pic.a(srv_fork.pico)
 .data          0x000148a0        0x0 libsys_pic.a(sqrt_approx.pico)
 .data          0x000148a0        0x0 libsys_pic.a(sched_stop.pico)
 .data          0x000148a0        0x0 libsys_pic.a(sched_start.pico)
 .data          0x000148a0        0x0 libsys_pic.a(rmib.pico)
 .data          0x000148a0        0x0 libsys_pic.a(proceventmask.pico)
 .data          0x000148a0        0x0 libsys_pic.a(optset.pico)
 .data          0x000148a0        0x0 libsys_pic.a(mapdriver.pico)
 .data          0x000148a0        0x0 libsys_pic.a(kputs.pico)
 .data          0x000148a0        0x0 libsys_pic.a(kputc.pico)
 .data          0x000148a0        0x0 libsys_pic.a(getuptime.pico)
 .data          0x000148a0        0x0 libsys_pic.a(getsysinfo.pico)
 .data          0x000148a0        0x0 libsys_pic.a(getprocnr.pico)
 .data          0x000148a0        0x0 libsys_pic.a(getepinfo.pico)
 .data          0x000148a0        0x0 libsys_pic.a(fkey_ctl.pico)
 .data          0x000148a0        0x0 libsys_pic.a(env_prefix.pico)
 .data          0x000148a0        0x0 libsys_pic.a(env_parse.pico)
 .data          0x000148a0       0x80 libsys_pic.a(env_panic.pico)
 .data          0x00014920        0x0 libsys_pic.a(env_get_prm.pico)
 .data          0x00014920        0x0 libsys_pic.a(cpuavg.pico)
 .data          0x00014920        0x0 libsys_pic.a(copyfd.pico)
 .data          0x00014920        0x0 libsys_pic.a(clock_time.pico)
 .data          0x00014920        0x0 libsys_pic.a(checkperms.pico)
 .data          0x00014920        0x0 libsys_pic.a(alloc_util.pico)
 .data          0x00014920        0x4 libsys_pic.a(vbox.pico)
 .data          0x00014924        0x0 libsys_pic.a(sys_voutw.pico)
 .data          0x00014924        0x0 libsys_pic.a(sys_voutl.pico)
 .data          0x00014924        0x0 libsys_pic.a(sys_voutb.pico)
 .data          0x00014924        0x0 libsys_pic.a(sys_vinw.pico)
 .data          0x00014924        0x0 libsys_pic.a(sys_vinl.pico)
 .data          0x00014924        0x0 libsys_pic.a(sys_vinb.pico)
 .data          0x00014924        0x0 libsys_pic.a(sys_umap_remote.pico)
 .data          0x00014924        0x0 libsys_pic.a(sys_sdevio.pico)
 .data          0x00014924        0x0 libsys_pic.a(sys_readbios.pico)
 .data          0x00014924        0x0 libsys_pic.a(sys_eniop.pico)
 .data          0x00014924        0x0 libsys_pic.a(spin.pico)
 .data          0x00014924        0x0 libsys_pic.a(ser_putc.pico)
 .data          0x00014924        0x0 libsys_pic.a(getidle.pico)
 .data          0x00014924        0x0 libsys_pic.a(get_randomness.pico)
 .data          0x00014924        0x4 libsys_pic.a(pci_init.pico)
                0x00014924                pci_procnr
 .data          0x00014928        0x0 libsys_pic.a(sys_vsafecopy.pico)
 .data          0x00014928        0x0 libsys_pic.a(sys_umap.pico)
 .data          0x00014928        0x0 libsys_pic.a(sys_schedctl.pico)
 .data          0x00014928        0x0 libsys_pic.a(sys_diagctl.pico)
 .data          0x00014928        0x0 libsys_pic.a(ds.pico)
 .data          0x00014928        0x0 libsys_pic.a(tsc_util.pico)
 .data          0x00014928        0x0 libsys_pic.a(sys_out.pico)
 .data          0x00014928        0x0 libsys_pic.a(sys_in.pico)
 .data          0x00014928        0x0 libsys_pic.a(sys_hz.pico)
 .data          0x00014928        0x0 libsys_pic.a(tickdelay.pico)
 .data          0x00014928        0x0 libsys_pic.a(sys_setalarm.pico)
 .data          0x00014928        0x0 libsys_pic.a(sef_st.pico)
 .data          0x00014928        0x0 libsys_pic.a(vm_info.pico)
 .data          0x00014928        0x0 libsys_pic.a(sef_signal.pico)
 .data.rel      0x00014928        0x8 libsys_pic.a(sef_signal.pico)
 .data          0x00014930        0x0 libsys_pic.a(sys_getsig.pico)
 .data          0x00014930        0x0 libsys_pic.a(sys_endsig.pico)
 .data          0x00014930        0x0 libsys_pic.a(sef_llvm.pico)
 .data          0x00014930        0x0 libsys_pic.a(sef_liveupdate.pico)
 .data.rel      0x00014930       0x18 libsys_pic.a(sef_liveupdate.pico)
 .data          0x00014948        0x0 libsys_pic.a(sys_safecopy.pico)
 .data          0x00014948        0x0 libsys_pic.a(sef_init.pico)
 .data.rel      0x00014948       0x10 libsys_pic.a(sef_init.pico)
 .data          0x00014958        0x0 libsys_pic.a(vm_memctl.pico)
 .data          0x00014958        0x0 libsys_pic.a(sys_statectl.pico)
 .data          0x00014958        0x4 libsys_pic.a(sef.pico)
                0x00014958                sef_self_endpoint
 .data          0x0001495c        0x4 libsys_pic.a(safecopies.pico)
 .data          0x00014960        0x0 libsys_pic.a(getticks.pico)
 .data          0x00014960        0x0 libsys_pic.a(asynsend.pico)
 .data          0x00014960        0x0 libsys_pic.a(vm_update.pico)
 .data          0x00014960        0x0 libsys_pic.a(taskcall.pico)
 .data          0x00014960        0x0 libsys_pic.a(sys_setgrant.pico)
 .data          0x00014960        0x0 libsys_pic.a(sys_exit.pico)
 .data          0x00014960        0x0 libsys_pic.a(sef_ping.pico)
 .data.rel      0x00014960        0x4 libsys_pic.a(sef_ping.pico)
 .data          0x00014964        0x0 libsys_pic.a(sef_fi.pico)
 .data          0x00014964        0x0 libsys_pic.a(assert.pico)
 .data          0x00014964        0x0 libsys_pic.a(panic.pico)
 .data          0x00014964        0x0 libsys_pic.a(sys_getinfo.pico)
 .data          0x00014964        0x0 libsys_pic.a(stacktrace.pico)
 .data          0x00014964        0x0 libsys_pic.a(kprintf.pico)
 .data          0x00014964        0x0 libsys_pic.a(kernel_call.pico)
 .data          0x00014964        0x0 /usr/lib/crtendS.o
 .data          0x00014964        0x0 /usr/lib/crtn.o

.data1
 *(.data1)
                0x00014964                _edata = .
                0x00014964                PROVIDE (edata, .)
                0x00014964                . = .
                0x00014964                __bss_start = .

.bss            0x00014970     0xd118
 *(.dynbss)
 .dynbss        0x00000000        0x0 /usr/lib/crti.o
 *(.bss .bss.* .gnu.linkonce.b.*)
 .bss           0x00014970        0x0 /usr/lib/crti.o
 .bss           0x00014970        0x0 /usr/lib/crtbeginS.o
 .bss           0x00014970       0x50 libsys_pic.a(pci_slot_name.pico)
 .bss           0x000149c0        0x0 libsys_pic.a(pci_set_acl.pico)
 .bss           0x000149c0        0x0 libsys_pic.a(pci_reserve.pico)
 .bss           0x000149c0        0x0 libsys_pic.a(pci_rescan_bus.pico)
 .bss           0x000149c0        0x0 libsys_pic.a(pci_next_dev.pico)
 .bss           0x000149c0        0x0 libsys_pic.a(pci_ids.pico)
 .bss           0x000149c0        0x0 libsys_pic.a(pci_get_bar.pico)
 .bss           0x000149c0        0x0 libsys_pic.a(pci_first_dev.pico)
 .bss           0x000149c0        0x0 libsys_pic.a(pci_find_dev.pico)
 .bss           0x000149c0       0x50 libsys_pic.a(pci_dev_name.pico)
 .bss           0x00014a10        0x0 libsys_pic.a(pci_del_acl.pico)
 .bss           0x00014a10        0x0 libsys_pic.a(pci_attr_w8.pico)
 .bss           0x00014a10        0x0 libsys_pic.a(pci_attr_w32.pico)
 .bss           0x00014a10        0x0 libsys_pic.a(pci_attr_w16.pico)
 .bss           0x00014a10        0x0 libsys_pic.a(pci_attr_r8.pico)
 .bss           0x00014a10        0x0 libsys_pic.a(pci_attr_r32.pico)
 .bss           0x00014a10        0x0 libsys_pic.a(pci_attr_r16.pico)
 .bss           0x00014a10        0x0 libsys_pic.a(vm_set_priv.pico)
 .bss           0x00014a10        0x0 libsys_pic.a(vm_procctl.pico)
 .bss           0x00014a10        0x0 libsys_pic.a(vm_prepare.pico)
 .bss           0x00014a10        0x0 libsys_pic.a(vm_map_phys.pico)
 .bss           0x00014a10        0x0 libsys_pic.a(vm_getrusage.pico)
 .bss           0x00014a10        0x0 libsys_pic.a(vm_fork.pico)
 .bss           0x00014a10        0x0 libsys_pic.a(vm_exit.pico)
 .bss           0x00014a10        0x0 libsys_pic.a(vm_cache.pico)
 .bss           0x00014a10        0x5 libsys_pic.a(timers.pico)
 *fill*         0x00014a15        0x3 
 .bss           0x00014a18        0x0 libsys_pic.a(sys_vumap.pico)
 .bss           0x00014a18        0x0 libsys_pic.a(sys_vtimer.pico)
 .bss           0x00014a18        0x0 libsys_pic.a(sys_vmctl.pico)
 .bss           0x00014a18        0x0 libsys_pic.a(sys_vircopy.pico)
 .bss           0x00014a18        0x0 libsys_pic.a(sys_update.pico)
 .bss           0x00014a18        0x0 libsys_pic.a(sys_trace.pico)
 .bss           0x00014a18        0x0 libsys_pic.a(sys_times.pico)
 .bss           0x00014a18        0x0 libsys_pic.a(sys_stime.pico)
 .bss           0x00014a18        0x0 libsys_pic.a(sys_sprof.pico)
 .bss           0x00014a18        0x0 libsys_pic.a(sys_sigsend.pico)
 .bss           0x00014a18        0x0 libsys_pic.a(sys_sigreturn.pico)
 .bss           0x00014a18        0x0 libsys_pic.a(sys_settime.pico)
 .bss           0x00014a18        0x0 libsys_pic.a(sys_schedule.pico)
 .bss           0x00014a18        0x0 libsys_pic.a(sys_safememset.pico)
 .bss           0x00014a18        0x0 libsys_pic.a(sys_runctl.pico)
 .bss           0x00014a18        0x0 libsys_pic.a(sys_privctl.pico)
 .bss           0x00014a18        0x0 libsys_pic.a(sys_physcopy.pico)
 .bss           0x00014a18        0x0 libsys_pic.a(sys_padconf.pico)
 .bss           0x00014a18        0x0 libsys_pic.a(sys_memset.pico)
 .bss           0x00014a18        0x0 libsys_pic.a(sys_mcontext.pico)
 .bss           0x00014a18        0x0 libsys_pic.a(sys_kill.pico)
 .bss           0x00014a18        0x0 libsys_pic.a(sys_irqctl.pico)
 .bss           0x00014a18        0x0 libsys_pic.a(sys_fork.pico)
 .bss           0x00014a18        0x0 libsys_pic.a(sys_exec.pico)
 .bss           0x00014a18        0x0 libsys_pic.a(sys_clear.pico)
 .bss           0x00014a18        0x0 libsys_pic.a(sys_abort.pico)
 .bss           0x00014a18        0x0 libsys_pic.a(srv_kill.pico)
 .bss           0x00014a18        0x0 libsys_pic.a(srv_fork.pico)
 .bss           0x00014a18        0x0 libsys_pic.a(sqrt_approx.pico)
 .bss           0x00014a18        0x0 libsys_pic.a(sched_stop.pico)
 .bss           0x00014a18        0x0 libsys_pic.a(sched_start.pico)
 .bss           0x00014a18      0x640 libsys_pic.a(rmib.pico)
 .bss           0x00015058        0x0 libsys_pic.a(proceventmask.pico)
 .bss           0x00015058        0x0 libsys_pic.a(optset.pico)
 .bss           0x00015058        0x0 libsys_pic.a(mapdriver.pico)
 .bss           0x00015058        0x0 libsys_pic.a(kputs.pico)
 .bss           0x00015058      0x7d4 libsys_pic.a(kputc.pico)
 .bss           0x0001582c        0x0 libsys_pic.a(getuptime.pico)
 .bss           0x0001582c        0x0 libsys_pic.a(getsysinfo.pico)
 .bss           0x0001582c        0x0 libsys_pic.a(getprocnr.pico)
 .bss           0x0001582c        0x0 libsys_pic.a(getepinfo.pico)
 .bss           0x0001582c        0x0 libsys_pic.a(fkey_ctl.pico)
 .bss           0x0001582c        0x0 libsys_pic.a(env_prefix.pico)
 .bss           0x0001582c        0x0 libsys_pic.a(env_parse.pico)
 .bss           0x0001582c        0x0 libsys_pic.a(env_panic.pico)
 .bss           0x0001582c      0x408 libsys_pic.a(env_get_prm.pico)
                0x0001582c                env_argc
                0x00015830                env_argv
 .bss           0x00015c34        0x0 libsys_pic.a(cpuavg.pico)
 .bss           0x00015c34        0x0 libsys_pic.a(copyfd.pico)
 .bss           0x00015c34        0x0 libsys_pic.a(clock_time.pico)
 .bss           0x00015c34        0x0 libsys_pic.a(checkperms.pico)
 .bss           0x00015c34        0x0 libsys_pic.a(alloc_util.pico)
 .bss           0x00015c34        0x0 libsys_pic.a(vbox.pico)
 .bss           0x00015c34        0x0 libsys_pic.a(sys_voutw.pico)
 .bss           0x00015c34        0x0 libsys_pic.a(sys_voutl.pico)
 .bss           0x00015c34        0x0 libsys_pic.a(sys_voutb.pico)
 .bss           0x00015c34        0x0 libsys_pic.a(sys_vinw.pico)
 .bss           0x00015c34        0x0 libsys_pic.a(sys_vinl.pico)
 .bss           0x00015c34        0x0 libsys_pic.a(sys_vinb.pico)
 .bss           0x00015c34        0x0 libsys_pic.a(sys_umap_remote.pico)
 .bss           0x00015c34        0x0 libsys_pic.a(sys_sdevio.pico)
 .bss           0x00015c34        0x0 libsys_pic.a(sys_readbios.pico)
 .bss           0x00015c34        0x0 libsys_pic.a(sys_eniop.pico)
 .bss           0x00015c34        0x0 libsys_pic.a(spin.pico)
 .bss           0x00015c34        0x0 libsys_pic.a(ser_putc.pico)
 *fill*         0x00015c34        0x4 
 .bss           0x00015c38       0x18 libsys_pic.a(getidle.pico)
 .bss           0x00015c50        0x0 libsys_pic.a(get_randomness.pico)
 .bss           0x00015c50        0x0 libsys_pic.a(pci_init.pico)
 .bss           0x00015c50        0x0 libsys_pic.a(sys_vsafecopy.pico)
 .bss           0x00015c50        0x0 libsys_pic.a(sys_umap.pico)
 .bss           0x00015c50        0x0 libsys_pic.a(sys_schedctl.pico)
 .bss           0x00015c50        0x0 libsys_pic.a(sys_diagctl.pico)
 .bss           0x00015c50        0x0 libsys_pic.a(ds.pico)
 .bss           0x00015c50        0x9 libsys_pic.a(tsc_util.pico)
 *fill*         0x00015c59        0x3 
 .bss           0x00015c5c        0x0 libsys_pic.a(sys_out.pico)
 .bss           0x00015c5c        0x0 libsys_pic.a(sys_in.pico)
 .bss           0x00015c5c        0x4 libsys_pic.a(sys_hz.pico)
 .bss           0x00015c60        0x0 libsys_pic.a(tickdelay.pico)
 .bss           0x00015c60        0x0 libsys_pic.a(sys_setalarm.pico)
 .bss           0x00015c60        0x0 libsys_pic.a(sef_st.pico)
 .bss           0x00015c60        0x0 libsys_pic.a(vm_info.pico)
 .bss           0x00015c60        0x0 libsys_pic.a(sef_signal.pico)
 .bss           0x00015c60        0x0 libsys_pic.a(sys_getsig.pico)
 .bss           0x00015c60        0x0 libsys_pic.a(sys_endsig.pico)
 .bss           0x00015c60        0x0 libsys_pic.a(sef_llvm.pico)
 .bss           0x00015c60        0x4 libsys_pic.a(sef_liveupdate.pico)
 .bss           0x00015c64        0x0 libsys_pic.a(sys_safecopy.pico)
 .bss           0x00015c64        0x0 libsys_pic.a(sef_init.pico)
 .bss           0x00015c64        0x0 libsys_pic.a(vm_memctl.pico)
 .bss           0x00015c64        0x0 libsys_pic.a(sys_statectl.pico)
 .bss           0x00015c64        0x0 libsys_pic.a(sef.pico)
 .bss           0x00015c64       0x5c libsys_pic.a(safecopies.pico)
 .bss           0x00015cc0        0x0 libsys_pic.a(getticks.pico)
 .bss           0x00015cc0     0xbb98 libsys_pic.a(asynsend.pico)
 .bss           0x00021858        0x0 libsys_pic.a(vm_update.pico)
 .bss           0x00021858        0x0 libsys_pic.a(taskcall.pico)
 .bss           0x00021858        0x0 libsys_pic.a(sys_setgrant.pico)
 .bss           0x00021858        0x0 libsys_pic.a(sys_exit.pico)
 .bss           0x00021858        0x0 libsys_pic.a(sef_ping.pico)
 .bss           0x00021858        0x0 libsys_pic.a(sef_fi.pico)
 .bss           0x00021858        0x0 libsys_pic.a(assert.pico)
 .bss           0x00021858        0x0 libsys_pic.a(panic.pico)
 .bss           0x00021858        0x0 libsys_pic.a(sys_getinfo.pico)
 .bss           0x00021858        0x0 libsys_pic.a(stacktrace.pico)
 .bss           0x00021858        0x0 libsys_pic.a(kprintf.pico)
 .bss           0x00021858        0x0 libsys_pic.a(kernel_call.pico)
 .bss           0x00021858        0x0 /usr/lib/crtendS.o
 .bss           0x00021858        0x0 /usr/lib/crtn.o
 *(COMMON)
 COMMON         0x00021858      0x208 libsys_pic.a(sef_liveupdate.pico)
                0x00021858                sef_lu_state_eval
                0x00021a58                sef_lu_state
                0x00021a5c                __sef_st_before_receive_enabled
 COMMON         0x00021a60       0x28 libsys_pic.a(sef.pico)
                0x00021a60                sef_self_receiving
                0x00021a64                sef_self_priv_flags
                0x00021a68                sef_controlled_crash
                0x00021a6c                sef_self_init_flags
                0x00021a70                sef_self_proc_nr
                0x00021a74                sef_self_name
                0x00021a88                . = ALIGN ((. != 0x0)?0x4:0x1)
                0x00021a88                . = ALIGN (0x4)
                0x00021a88                . = ALIGN (0x4)
                0x00021a88                _end = .
                0x00021a88                PROVIDE (end, .)
                0x00021a88                . = DATA_SEGMENT_END (.)

.stab
 *(.stab)

.stabstr
 *(.stabstr)

.stab.excl
 *(.stab.excl)

.stab.exclstr
 *(.stab.exclstr)

.stab.index
 *(.stab.index)

.stab.indexstr
 *(.stab.indexstr)

.comment        0x00000000       0x2f
 *(.comment)
 .comment       0x00000000       0x2f libsys_pic.a(pci_slot_name.pico)
                                 0x30 (size before relaxing)
 .comment       0x00000000       0x30 libsys_pic.a(pci_set_acl.pico)
 .comment       0x00000000       0x30 libsys_pic.a(pci_reserve.pico)
 .comment       0x00000000       0x30 libsys_pic.a(pci_rescan_bus.pico)
 .comment       0x00000000       0x30 libsys_pic.a(pci_next_dev.pico)
 .comment       0x00000000       0x30 libsys_pic.a(pci_ids.pico)
 .comment       0x00000000       0x30 libsys_pic.a(pci_get_bar.pico)
 .comment       0x00000000       0x30 libsys_pic.a(pci_first_dev.pico)
 .comment       0x00000000       0x30 libsys_pic.a(pci_find_dev.pico)
 .comment       0x00000000       0x30 libsys_pic.a(pci_dev_name.pico)
 .comment       0x00000000       0x30 libsys_pic.a(pci_del_acl.pico)
 .comment       0x00000000       0x30 libsys_pic.a(pci_attr_w8.pico)
 .comment       0x00000000       0x30 libsys_pic.a(pci_attr_w32.pico)
 .comment       0x00000000       0x30 libsys_pic.a(pci_attr_w16.pico)
 .comment       0x00000000       0x30 libsys_pic.a(pci_attr_r8.pico)
 .comment       0x00000000       0x30 libsys_pic.a(pci_attr_r32.pico)
 .comment       0x00000000       0x30 libsys_pic.a(pci_attr_r16.pico)
 .comment       0x00000000       0x30 libsys_pic.a(vm_set_priv.pico)
 .comment       0x00000000       0x30 libsys_pic.a(vm_procctl.pico)
 .comment       0x00000000       0x30 libsys_pic.a(vm_prepare.pico)
 .comment       0x00000000       0x30 libsys_pic.a(vm_map_phys.pico)
 .comment       0x00000000       0x30 libsys_pic.a(vm_getrusage.pico)
 .comment       0x00000000       0x30 libsys_pic.a(vm_fork.pico)
 .comment       0x00000000       0x30 libsys_pic.a(vm_exit.pico)
 .comment       0x00000000       0x30 libsys_pic.a(vm_cache.pico)
 .comment       0x00000000       0x30 libsys_pic.a(timers.pico)
 .comment       0x00000000       0x30 libsys_pic.a(sys_vumap.pico)
 .comment       0x00000000       0x30 libsys_pic.a(sys_vtimer.pico)
 .comment       0x00000000       0x30 libsys_pic.a(sys_vmctl.pico)
 .comment       0x00000000       0x30 libsys_pic.a(sys_vircopy.pico)
 .comment       0x00000000       0x30 libsys_pic.a(sys_update.pico)
 .comment       0x00000000       0x30 libsys_pic.a(sys_trace.pico)
 .comment       0x00000000       0x30 libsys_pic.a(sys_times.pico)
 .comment       0x00000000       0x30 libsys_pic.a(sys_stime.pico)
 .comment       0x00000000       0x30 libsys_pic.a(sys_sprof.pico)
 .comment       0x00000000       0x30 libsys_pic.a(sys_sigsend.pico)
 .comment       0x00000000       0x30 libsys_pic.a(sys_sigreturn.pico)
 .comment       0x00000000       0x30 libsys_pic.a(sys_settime.pico)
 .comment       0x00000000       0x30 libsys_pic.a(sys_schedule.pico)
 .comment       0x00000000       0x30 libsys_pic.a(sys_safememset.pico)
 .comment       0x00000000       0x30 libsys_pic.a(sys_runctl.pico)
 .comment       0x00000000       0x30 libsys_pic.a(sys_privctl.pico)
 .comment       0x00000000       0x30 libsys_pic.a(sys_physcopy.pico)
 .comment       0x00000000       0x30 libsys_pic.a(sys_padconf.pico)
 .comment       0x00000000       0x30 libsys_pic.a(sys_memset.pico)
 .comment       0x00000000       0x30 libsys_pic.a(sys_mcontext.pico)
 .comment       0x00000000       0x30 libsys_pic.a(sys_kill.pico)
 .comment       0x00000000       0x30 libsys_pic.a(sys_irqctl.pico)
 .comment       0x00000000       0x30 libsys_pic.a(sys_fork.pico)
 .comment       0x00000000       0x30 libsys_pic.a(sys_exec.pico)
 .comment       0x00000000       0x30 libsys_pic.a(sys_clear.pico)
 .comment       0x00000000       0x30 libsys_pic.a(sys_abort.pico)
 .comment       0x00000000       0x30 libsys_pic.a(srv_kill.pico)
 .comment       0x00000000       0x30 libsys_pic.a(srv_fork.pico)
 .comment       0x00000000       0x30 libsys_pic.a(sqrt_approx.pico)
 .comment       0x00000000       0x30 libsys_pic.a(sched_stop.pico)
 .comment       0x00000000       0x30 libsys_pic.a(sched_start.pico)
 .comment       0x00000000       0x30 libsys_pic.a(rmib.pico)
 .comment       0x00000000       0x30 libsys_pic.a(proceventmask.pico)
 .comment       0x00000000       0x30 libsys_pic.a(optset.pico)
 .comment       0x00000000       0x30 libsys_pic.a(mapdriver.pico)
 .comment       0x00000000       0x30 libsys_pic.a(kputs.pico)
 .comment       0x00000000       0x30 libsys_pic.a(kputc.pico)
 .comment       0x00000000       0x30 libsys_pic.a(getuptime.pico)
 .comment       0x00000000       0x30 libsys_pic.a(getsysinfo.pico)
 .comment       0x00000000       0x30 libsys_pic.a(getprocnr.pico)
 .comment       0x00000000       0x30 libsys_pic.a(getepinfo.pico)
 .comment       0x00000000       0x30 libsys_pic.a(fkey_ctl.pico)
 .comment       0x00000000       0x30 libsys_pic.a(env_prefix.pico)
 .comment       0x00000000       0x30 libsys_pic.a(env_parse.pico)
 .comment       0x00000000       0x30 libsys_pic.a(env_panic.pico)
 .comment       0x00000000       0x30 libsys_pic.a(env_get_prm.pico)
 .comment       0x00000000       0x30 libsys_pic.a(cpuavg.pico)
 .comment       0x00000000       0x30 libsys_pic.a(copyfd.pico)
 .comment       0x00000000       0x30 libsys_pic.a(clock_time.pico)
 .comment       0x00000000       0x30 libsys_pic.a(checkperms.pico)
 .comment       0x00000000       0x30 libsys_pic.a(alloc_util.pico)
 .comment       0x00000000       0x30 libsys_pic.a(vbox.pico)
 .comment       0x00000000       0x30 libsys_pic.a(sys_voutw.pico)
 .comment       0x00000000       0x30 libsys_pic.a(sys_voutl.pico)
 .comment       0x00000000       0x30 libsys_pic.a(sys_voutb.pico)
 .comment       0x00000000       0x30 libsys_pic.a(sys_vinw.pico)
 .comment       0x00000000       0x30 libsys_pic.a(sys_vinl.pico)
 .comment       0x00000000       0x30 libsys_pic.a(sys_vinb.pico)
 .comment       0x00000000       0x30 libsys_pic.a(sys_umap_remote.pico)
 .comment       0x00000000       0x30 libsys_pic.a(sys_sdevio.pico)
 .comment       0x00000000       0x30 libsys_pic.a(sys_readbios.pico)
 .comment       0x00000000       0x30 libsys_pic.a(sys_eniop.pico)
 .comment       0x00000000       0x30 libsys_pic.a(spin.pico)
 .comment       0x00000000       0x30 libsys_pic.a(ser_putc.pico)
 .comment       0x00000000       0x30 libsys_pic.a(getidle.pico)
 .comment       0x00000000       0x30 libsys_pic.a(get_randomness.pico)
 .comment       0x00000000       0x30 libsys_pic.a(pci_init.pico)
 .comment       0x00000000       0x30 libsys_pic.a(sys_vsafecopy.pico)
 .comment       0x00000000       0x30 libsys_pic.a(sys_umap.pico)
 .comment       0x00000000       0x30 libsys_pic.a(sys_schedctl.pico)
 .comment       0x00000000       0x30 libsys_pic.a(sys_diagctl.pico)
 .comment       0x00000000       0x30 libsys_pic.a(ds.pico)
 .comment       0x00000000       0x30 libsys_pic.a(tsc_util.pico)
 .comment       0x00000000       0x30 libsys_pic.a(sys_out.pico)
 .comment       0x00000000       0x30 libsys_pic.a(sys_in.pico)
 .comment       0x00000000       0x30 libsys_pic.a(sys_hz.pico)
 .comment       0x00000000       0x30 libsys_pic.a(tickdelay.pico)
 .comment       0x00000000       0x30 libsys_pic.a(sys_setalarm.pico)
 .comment       0x00000000       0x30 libsys_pic.a(sef_st.pico)
 .comment       0x00000000       0x30 libsys_pic.a(vm_info.pico)
 .comment       0x00000000       0x30 libsys_pic.a(sef_signal.pico)
 .comment       0x00000000       0x30 libsys_pic.a(sys_getsig.pico)
 .comment       0x00000000       0x30 libsys_pic.a(sys_endsig.pico)
 .comment       0x00000000       0x30 libsys_pic.a(sef_llvm.pico)
 .comment       0x00000000       0x30 libsys_pic.a(sef_liveupdate.pico)
 .comment       0x00000000       0x30 libsys_pic.a(sys_safecopy.pico)
 .comment       0x00000000       0x30 libsys_pic.a(sef_init.pico)
 .comment       0x00000000       0x30 libsys_pic.a(vm_memctl.pico)
 .comment       0x00000000       0x30 libsys_pic.a(sys_statectl.pico)
 .comment       0x00000000       0x30 libsys_pic.a(sef.pico)
 .comment       0x00000000       0x30 libsys_pic.a(safecopies.pico)
 .comment       0x00000000       0x30 libsys_pic.a(getticks.pico)
 .comment       0x00000000       0x30 libsys_pic.a(asynsend.pico)
 .comment       0x00000000       0x30 libsys_pic.a(vm_update.pico)
 .comment       0x00000000       0x30 libsys_pic.a(taskcall.pico)
 .comment       0x00000000       0x30 libsys_pic.a(sys_setgrant.pico)
 .comment       0x00000000       0x30 libsys_pic.a(sys_exit.pico)
 .comment       0x00000000       0x30 libsys_pic.a(sef_ping.pico)
 .comment       0x00000000       0x30 libsys_pic.a(sef_fi.pico)
 .comment       0x00000000       0x30 libsys_pic.a(assert.pico)
 .comment       0x00000000       0x30 libsys_pic.a(panic.pico)
 .comment       0x00000000       0x30 libsys_pic.a(sys_getinfo.pico)
 .comment       0x00000000       0x30 libsys_pic.a(stacktrace.pico)
 .comment       0x00000000       0x30 libsys_pic.a(kprintf.pico)
 .comment       0x00000000       0x30 libsys_pic.a(kernel_call.pico)

.ident          0x00000000       0xde
 .ident         0x00000000       0x36 /usr/lib/crti.o
 .ident         0x00000036       0x3a /usr/lib/crtbeginS.o
 .ident         0x00000070       0x38 /usr/lib/crtendS.o
 .ident         0x000000a8       0x36 /usr/lib/crtn.o

.debug
 *(.debug)

.line
 *(.line)

.debug_srcinfo
 *(.debug_srcinfo)

.debug_sfnames
 *(.debug_sfnames)

.debug_aranges
 *(.debug_aranges)

.debug_pubnames
 *(.debug_pubnames)

.debug_info
 *(.debug_info .gnu.linkonce.wi.*)

.debug_abbrev
 *(.debug_abbrev)

.debug_line
 *(.debug_line)

.debug_frame
 *(.debug_frame)

.debug_str
 *(.debug_str)

.debug_loc
 *(.debug_loc)

.debug_macinfo
 *(.debug_macinfo)

.debug_weaknames
 *(.debug_weaknames)

.debug_funcnames
 *(.debug_funcnames)

.debug_typenames
 *(.debug_typenames)

.debug_varnames
 *(.debug_varnames)

.debug_pubtypes
 *(.debug_pubtypes)

.debug_ranges
 *(.debug_ranges)

.debug_macro
 *(.debug_macro)

.gnu.attributes
 *(.gnu.attributes)

/DISCARD/
 *(.note.GNU-stack)
 *(.gnu_debuglink)
 *(.gnu.lto_*)
OUTPUT(libsys.so.0.0 elf32-i386-minix)
